Component: ARM Compiler 5.06 update 7 (build 960) Tool: armlink [4d3601]

==============================================================================

Section Cross References

    startup_stm32f10x_md.o(STACK) refers (Special) to heapauxi.o(.text) for __use_two_region_memory
    startup_stm32f10x_md.o(HEAP) refers (Special) to heapauxi.o(.text) for __use_two_region_memory
    startup_stm32f10x_md.o(RESET) refers (Special) to heapauxi.o(.text) for __use_two_region_memory
    startup_stm32f10x_md.o(RESET) refers to startup_stm32f10x_md.o(STACK) for __initial_sp
    startup_stm32f10x_md.o(RESET) refers to startup_stm32f10x_md.o(.text) for Reset_Handler
    startup_stm32f10x_md.o(RESET) refers to stm32f10x_it.o(i.NMI_Handler) for NMI_Handler
    startup_stm32f10x_md.o(RESET) refers to stm32f10x_it.o(i.HardFault_Handler) for HardFault_Handler
    startup_stm32f10x_md.o(RESET) refers to stm32f10x_it.o(i.MemManage_Handler) for MemManage_Handler
    startup_stm32f10x_md.o(RESET) refers to stm32f10x_it.o(i.BusFault_Handler) for BusFault_Handler
    startup_stm32f10x_md.o(RESET) refers to stm32f10x_it.o(i.UsageFault_Handler) for UsageFault_Handler
    startup_stm32f10x_md.o(RESET) refers to stm32f10x_it.o(i.SVC_Handler) for SVC_Handler
    startup_stm32f10x_md.o(RESET) refers to stm32f10x_it.o(i.DebugMon_Handler) for DebugMon_Handler
    startup_stm32f10x_md.o(RESET) refers to stm32f10x_it.o(i.PendSV_Handler) for PendSV_Handler
    startup_stm32f10x_md.o(RESET) refers to stm32f10x_it.o(i.SysTick_Handler) for SysTick_Handler
    startup_stm32f10x_md.o(RESET) refers to usart.o(i.USART1_IRQHandler) for USART1_IRQHandler
    startup_stm32f10x_md.o(RESET) refers to key.o(i.EXTI15_10_IRQHandler) for EXTI15_10_IRQHandler
    startup_stm32f10x_md.o(.text) refers (Special) to heapauxi.o(.text) for __use_two_region_memory
    startup_stm32f10x_md.o(.text) refers to system_stm32f10x.o(i.SystemInit) for SystemInit
    startup_stm32f10x_md.o(.text) refers to __main.o(!!!main) for __main
    startup_stm32f10x_md.o(.text) refers to startup_stm32f10x_md.o(HEAP) for Heap_Mem
    startup_stm32f10x_md.o(.text) refers to startup_stm32f10x_md.o(STACK) for Stack_Mem
    main.o(i.main) refers to _printf_percent.o(.ARM.Collect$$_printf_percent$$00000000) for _printf_percent
    main.o(i.main) refers to _printf_f.o(.ARM.Collect$$_printf_percent$$00000003) for _printf_f
    main.o(i.main) refers to printf1.o(x$fpl$printf1) for _printf_fp_dec
    main.o(i.main) refers to rt_memclr_w.o(.text) for __aeabi_memclr4
    main.o(i.main) refers to usart.o(i.uart_init) for uart_init
    main.o(i.main) refers to delay.o(i.delay_init) for delay_init
    main.o(i.main) refers to key.o(i.Key_Init) for Key_Init
    main.o(i.main) refers to oled.o(i.OLED_Init) for OLED_Init
    main.o(i.main) refers to oled.o(i.OLED_Clear) for OLED_Clear
    main.o(i.main) refers to countsensor.o(i.CountSensor_Init) for CountSensor_Init
    main.o(i.main) refers to mlx90614.o(i.SMBus_Init) for SMBus_Init
    main.o(i.main) refers to oled.o(i.display) for display
    main.o(i.main) refers to key.o(i.Buzzer) for Buzzer
    main.o(i.main) refers to xiic.o(i.IIC_GPIO_INIT) for IIC_GPIO_INIT
    main.o(i.main) refers to max30102.o(i.MAX30102_GPIO) for MAX30102_GPIO
    main.o(i.main) refers to max30102.o(i.Max30102_reset) for Max30102_reset
    main.o(i.main) refers to max30102.o(i.MAX30102_Config) for MAX30102_Config
    main.o(i.main) refers to max30102.o(i.max30102_read_fifo) for max30102_read_fifo
    main.o(i.main) refers to stm32f10x_gpio.o(i.GPIO_ReadInputDataBit) for GPIO_ReadInputDataBit
    main.o(i.main) refers to noretval__2printf.o(.text) for __2printf
    main.o(i.main) refers to oled.o(i.OLED_ShowString) for OLED_ShowString
    main.o(i.main) refers to blood.o(i.blood_Loop) for blood_Loop
    main.o(i.main) refers to delay.o(i.delay_ms) for delay_ms
    main.o(i.main) refers to mlx90614.o(i.SMBus_ReadTemp) for SMBus_ReadTemp
    main.o(i.main) refers to faddsub_clz.o(x$fpl$fadd) for __aeabi_fadd
    main.o(i.main) refers to f2d.o(x$fpl$f2d) for __aeabi_f2d
    main.o(i.main) refers to noretval__2sprintf.o(.text) for __2sprintf
    main.o(i.main) refers to stm32f10x_usart.o(i.USART_SendData) for USART_SendData
    main.o(i.main) refers to stm32f10x_usart.o(i.USART_GetFlagStatus) for USART_GetFlagStatus
    main.o(i.main) refers to strlen.o(.text) for strlen
    main.o(i.main) refers to key.o(i.Key_Num2) for Key_Num2
    main.o(i.main) refers to oled.o(i.OLED_ShowNumber) for OLED_ShowNumber
    main.o(i.main) refers to fflt_clz.o(x$fpl$ffltu) for __aeabi_ui2f
    main.o(i.main) refers to fleqf.o(x$fpl$fleqf) for __aeabi_cfcmple
    main.o(i.main) refers to stm32f10x_gpio.o(i.GPIO_ResetBits) for GPIO_ResetBits
    main.o(i.main) refers to oled.o(i.Warning) for Warning
    main.o(i.main) refers to stm32f10x_gpio.o(i.GPIO_SetBits) for GPIO_SetBits
    main.o(i.main) refers to oled.o(i.Safe) for Safe
[...]
    i.EXTI_GetITStatus                       0x080015b8   Section        0  stm32f10x_exti.o(i.EXTI_GetITStatus)
    i.EXTI_Init                              0x080015e0   Section        0  stm32f10x_exti.o(i.EXTI_Init)
    i.FFT                                    0x08001674   Section        0  algorithm.o(i.FFT)
    i.GPIO_EXTILineConfig                    0x08001800   Section        0  stm32f10x_gpio.o(i.GPIO_EXTILineConfig)
    i.GPIO_Init                              0x08001840   Section        0  stm32f10x_gpio.o(i.GPIO_Init)
    i.GPIO_PinRemapConfig                    0x08001958   Section        0  stm32f10x_gpio.o(i.GPIO_PinRemapConfig)
    i.GPIO_ReadInputDataBit                  0x080019e8   Section        0  stm32f10x_gpio.o(i.GPIO_ReadInputDataBit)
    i.GPIO_ResetBits                         0x080019fa   Section        0  stm32f10x_gpio.o(i.GPIO_ResetBits)
    i.GPIO_SetBits                           0x080019fe   Section        0  stm32f10x_gpio.o(i.GPIO_SetBits)
    i.HardFault_Handler                      0x08001a02   Section        0  stm32f10x_it.o(i.HardFault_Handler)
    i.I2C_Ack                                0x08001a08   Section        0  xiic.o(i.I2C_Ack)
    i.IIC_Delay                              0x08001a6c   Section        0  xiic.o(i.IIC_Delay)
    i.IIC_GPIO_INIT                          0x08001a7c   Section        0  xiic.o(i.IIC_GPIO_INIT)
    i.IIC_Read_Array                         0x08001ab8   Section        0  xiic.o(i.IIC_Read_Array)
    i.IIC_Read_Byte                          0x08001b3c   Section        0  xiic.o(i.IIC_Read_Byte)
    i.IIC_Receive_Byte                       0x08001b9c   Section        0  xiic.o(i.IIC_Receive_Byte)
    i.IIC_Send_Byte                          0x08001be0   Section        0  xiic.o(i.IIC_Send_Byte)
    i.IIC_Start                              0x08001c78   Section        0  xiic.o(i.IIC_Start)
    i.IIC_Stop                               0x08001cb0   Section        0  xiic.o(i.IIC_Stop)
    i.IIC_Write_Byte                         0x08001cdc   Section        0  xiic.o(i.IIC_Write_Byte)
    i.Key_Init                               0x08001d2c   Section        0  key.o(i.Key_Init)
    i.Key_Num2                               0x08001d58   Section        0  key.o(i.Key_Num2)
    i.MAX30102_Config                        0x08001dc0   Section        0  max30102.o(i.MAX30102_Config)
    i.MAX30102_GPIO                          0x08001e34   Section        0  max30102.o(i.MAX30102_GPIO)
    i.Max30102_reset                         0x08001e5c   Section        0  max30102.o(i.Max30102_reset)
    i.MemManage_Handler                      0x08001e72   Section        0  stm32f10x_it.o(i.MemManage_Handler)
    i.MoShiEr                                0x08001e78   Section        0  oled.o(i.MoShiEr)
    i.NMI_Handler                            0x08001eb4   Section        0  stm32f10x_it.o(i.NMI_Handler)
    i.NVIC_Init                              0x08001eb8   Section        0  misc.o(i.NVIC_Init)
    i.NVIC_PriorityGroupConfig               0x08001f28   Section        0  misc.o(i.NVIC_PriorityGroupConfig)
    i.OLED_Clear                             0x08001f3c   Section        0  oled.o(i.OLED_Clear)
    i.OLED_Float                             0x08001f7c   Section        0  oled.o(i.OLED_Float)
    i.OLED_IIC_Start                         0x0800213c   Section        0  oled.o(i.OLED_IIC_Start)
    i.OLED_IIC_Stop                          0x08002164   Section        0  oled.o(i.OLED_IIC_Stop)
    i.OLED_IIC_Wait_Ack                      0x08002184   Section        0  oled.o(i.OLED_IIC_Wait_Ack)
    i.OLED_Init                              0x0800219c   Section        0  oled.o(i.OLED_Init)
    i.OLED_Set_Pos                           0x080022bc   Section        0  oled.o(i.OLED_Set_Pos)
    i.OLED_ShowCHinese16x16                  0x080022e4   Section        0  oled.o(i.OLED_ShowCHinese16x16)
    i.OLED_ShowChar                          0x0800233c   Section        0  oled.o(i.OLED_ShowChar)
    i.OLED_ShowNumber                        0x080023e0   Section        0  oled.o(i.OLED_ShowNumber)
    i.OLED_ShowString                        0x08002468   Section        0  oled.o(i.OLED_ShowString)
    i.OLED_WR_Byte                           0x0800249e   Section        0  oled.o(i.OLED_WR_Byte)
    i.OLED_Write_IIC_Byte                    0x080024b8   Section        0  oled.o(i.OLED_Write_IIC_Byte)
    i.OLED_Write_IIC_Command                 0x0800250c   Section        0  oled.o(i.OLED_Write_IIC_Command)
    i.OLED_Write_IIC_Data                    0x08002538   Section        0  oled.o(i.OLED_Write_IIC_Data)
    i.PEC_Calculation                        0x08002564   Section        0  mlx90614.o(i.PEC_Calculation)
    i.PendSV_Handler                         0x0800261e   Section        0  stm32f10x_it.o(i.PendSV_Handler)
    i.RCC_APB2PeriphClockCmd                 0x08002620   Section        0  stm32f10x_rcc.o(i.RCC_APB2PeriphClockCmd)
    i.RCC_GetClocksFreq                      0x08002640   Section        0  stm32f10x_rcc.o(i.RCC_GetClocksFreq)
    i.SMBus_Delay                            0x08002714   Section        0  mlx90614.o(i.SMBus_Delay)
    i.SMBus_Init                             0x08002730   Section        0  mlx90614.o(i.SMBus_Init)
    i.SMBus_ReadMemory                       0x08002768   Section        0  mlx90614.o(i.SMBus_ReadMemory)
    i.SMBus_ReadTemp                         0x08002810   Section        0  mlx90614.o(i.SMBus_ReadTemp)
    i.SMBus_ReceiveBit                       0x08002854   Section        0  mlx90614.o(i.SMBus_ReceiveBit)
    i.SMBus_ReceiveByte                      0x08002898   Section        0  mlx90614.o(i.SMBus_ReceiveByte)
    i.SMBus_SendBit                          0x080028cc   Section        0  mlx90614.o(i.SMBus_SendBit)
    i.SMBus_SendByte                         0x08002908   Section        0  mlx90614.o(i.SMBus_SendByte)
    i.SMBus_StartBit                         0x08002938   Section        0  mlx90614.o(i.SMBus_StartBit)
    i.SMBus_StopBit                          0x08002974   Section        0  mlx90614.o(i.SMBus_StopBit)
    i.SVC_Handler                            0x080029ac   Section        0  stm32f10x_it.o(i.SVC_Handler)
    i.Safe                                   0x080029b0   Section        0  oled.o(i.Safe)
    i.SetSysClock                            0x080029e0   Section        0  system_stm32f10x.o(i.SetSysClock)
    SetSysClock                              0x080029e1   Thumb Code     8  system_stm32f10x.o(i.SetSysClock)
    i.SetSysClockTo72                        0x080029e8   Section        0  system_stm32f10x.o(i.SetSysClockTo72)
    SetSysClockTo72                          0x080029e9   Thumb Code   214  system_stm32f10x.o(i.SetSysClockTo72)
    i.SysTick_CLKSourceConfig                0x08002ac8   Section        0  misc.o(i.SysTick_CLKSourceConfig)
    i.SysTick_Handler                        0x08002af0   Section        0  stm32f10x_it.o(i.SysTick_Handler)
    i.SystemInit                             0x08002af4   Section        0  system_stm32f10x.o(i.SystemInit)
    i.USART1_IRQHandler                      0x08002b54   Section        0  usart.o(i.USART1_IRQHandler)
    i.USART_Cmd                              0x08002bdc   Section        0  stm32f10x_usart.o(i.USART_Cmd)
    i.USART_GetFlagStatus                    0x08002bf4   Section        0  stm32f10x_usart.o(i.USART_GetFlagStatus)
    i.USART_GetITStatus                      0x08002c0e   Section        0  stm32f10x_usart.o(i.USART_GetITStatus)
    i.USART_ITConfig                         0x08002c62   Section        0  stm32f10x_usart.o(i.USART_ITConfig)
    i.USART_Init                             0x08002cac   Section        0  stm32f10x_usart.o(i.USART_Init)
    i.USART_ReceiveData                      0x08002d84   Section        0  stm32f10x_usart.o(i.USART_ReceiveData)
    i.USART_SendData                         0x08002d8e   Section        0  stm32f10x_usart.o(i.USART_SendData)
    i.USART_SendString                       0x08002d96   Section        0  blood.o(i.USART_SendString)
    i.UsageFault_Handler                     0x08002dbe   Section        0  stm32f10x_it.o(i.UsageFault_Handler)
    i.Warning                                0x08002dc4   Section        0  oled.o(i.Warning)
    i.XCos                                   0x08002df4   Section        0  algorithm.o(i.XCos)
    i.XSin                                   0x08002e1c   Section        0  algorithm.o(i.XSin)
    i.__ARM_fpclassify                       0x0800302c   Section        0  fpclassify.o(i.__ARM_fpclassify)
    i._is_digit                              0x08003054   Section        0  __printf_wp.o(i._is_digit)
    i._sys_exit                              0x08003062   Section        0  usart.o(i._sys_exit)
    i.blood_Loop                             0x08003068   Section        0  blood.o(i.blood_Loop)
    i.blood_data_translate                   0x080030e8   Section        0  blood.o(i.blood_data_translate)
    i.blood_data_update                      0x08003834   Section        0  blood.o(i.blood_data_update)
    i.delay_init                             0x080038fc   Section        0  delay.o(i.delay_init)
    i.delay_ms                               0x08003940   Section        0  delay.o(i.delay_ms)
    i.display                                0x0800398c   Section        0  oled.o(i.display)
    i.find_max_num_index                     0x08003a34   Section        0  algorithm.o(i.find_max_num_index)
    i.fputc                                  0x08003a68   Section        0  usart.o(i.fputc)
    i.main                                   0x08003a84   Section        0  main.o(i.main)
    i.max30102_read_fifo                     0x08003c1c   Section        0  max30102.o(i.max30102_read_fifo)
    i.my_floor                               0x08003ce8   Section        0  algorithm.o(i.my_floor)
    i.my_fmod                                0x08003d34   Section        0  algorithm.o(i.my_fmod)
    i.noise_filter                           0x08003dcc   Section        0  blood.o(i.noise_filter)
    i.oled_pow                               0x08003e20   Section        0  oled.o(i.oled_pow)
    i.sqrtf                                  0x08003e36   Section        0  sqrtf.o(i.sqrtf)
    i.uart_init                              0x08003e64   Section        0  usart.o(i.uart_init)
    locale$$code                             0x08003f04   Section       44  lc_numeric_c.o(locale$$code)
    x$fpl$d2f                                0x08003f30   Section       98  d2f.o(x$fpl$d2f)
    x$fpl$dadd                               0x08003f94   Section      336  daddsub_clz.o(x$fpl$dadd)
    _dadd1                                   0x08003fa5   Thumb Code     0  daddsub_clz.o(x$fpl$dadd)
    x$fpl$dcmpinf                            0x080040e4   Section       24  dcmpi.o(x$fpl$dcmpinf)
    x$fpl$ddiv                               0x080040fc   Section      688  ddiv.o(x$fpl$ddiv)
    ddiv_entry                               0x08004103   Thumb Code     0  ddiv.o(x$fpl$ddiv)
    x$fpl$deqf                               0x080043ac   Section      120  deqf.o(x$fpl$deqf)
    x$fpl$dfix                               0x08004424   Section       94  dfix.o(x$fpl$dfix)
    x$fpl$dfixu                              0x08004484   Section       90  dfixu.o(x$fpl$dfixu)
    x$fpl$dflt                               0x080044de   Section       46  dflt_clz.o(x$fpl$dflt)
    x$fpl$dfltu                              0x0800450c   Section       38  dflt_clz.o(x$fpl$dfltu)
    x$fpl$dleqf                              0x08004534   Section      120  dleqf.o(x$fpl$dleqf)
    x$fpl$dmul                               0x080045ac   Section      340  dmul.o(x$fpl$dmul)
    x$fpl$dnaninf                            0x08004700   Section      156  dnaninf.o(x$fpl$dnaninf)
    x$fpl$dretinf                            0x0800479c   Section       12  dretinf.o(x$fpl$dretinf)
    x$fpl$drleqf                             0x080047a8   Section      108  drleqf.o(x$fpl$drleqf)
    x$fpl$drsb                               0x08004814   Section       22  daddsub_clz.o(x$fpl$drsb)
    x$fpl$dsub                               0x0800482c   Section      468  daddsub_clz.o(x$fpl$dsub)
    _dsub1                                   0x0800483d   Thumb Code     0  daddsub_clz.o(x$fpl$dsub)
    x$fpl$f2d                                0x08004a00   Section       86  f2d.o(x$fpl$f2d)
    x$fpl$fadd                               0x08004a58   Section      196  faddsub_clz.o(x$fpl$fadd)
    _fadd1                                   0x08004a67   Thumb Code     0  faddsub_clz.o(x$fpl$fadd)
    x$fpl$fcmpinf                            0x08004b1c   Section       24  fcmpi.o(x$fpl$fcmpinf)
    x$fpl$fdiv                               0x08004b34   Section      388  fdiv.o(x$fpl$fdiv)
    _fdiv1                                   0x08004b35   Thumb Code     0  fdiv.o(x$fpl$fdiv)
    x$fpl$feqf                               0x08004cb8   Section      104  feqf.o(x$fpl$feqf)
    x$fpl$ffix                               0x08004d20   Section       54  ffix.o(x$fpl$ffix)
    x$fpl$ffixu                              0x08004d58   Section       62  ffixu.o(x$fpl$ffixu)
    x$fpl$fflt                               0x08004d98   Section       48  fflt_clz.o(x$fpl$fflt)
    x$fpl$ffltu                              0x08004dc8   Section       38  fflt_clz.o(x$fpl$ffltu)
    x$fpl$fleqf                              0x08004df0   Section      104  fleqf.o(x$fpl$fleqf)
    x$fpl$fmul                               0x08004e58   Section      258  fmul.o(x$fpl$fmul)
    x$fpl$fnaninf                            0x08004f5a   Section      140  fnaninf.o(x$fpl$fnaninf)
    x$fpl$fretinf                            0x08004fe6   Section       10  fretinf.o(x$fpl$fretinf)
    x$fpl$fsqrt                              0x08004ff0   Section      272  fsqrt.o(x$fpl$fsqrt)
    x$fpl$fsub                               0x08005100   Section      234  faddsub_clz.o(x$fpl$fsub)
    _fsub1                                   0x0800510f   Thumb Code     0  faddsub_clz.o(x$fpl$fsub)
    x$fpl$printf1                            0x080051ea   Section        4  printf1.o(x$fpl$printf1)
    x$fpl$usenofp                            0x080051ee   Section        0  usenofp.o(x$fpl$usenofp)
    .constdata                               0x080051f0   Section     2904  oled.o(.constdata)
    .constdata                               0x08005d48   Section      808  algorithm.o(.constdata)
    XSinTbl                                  0x08005d48   Data         808  algorithm.o(.constdata)
    .constdata                               0x08006070   Section      148  bigflt0.o(.constdata)
    tenpwrs_x                                0x08006070   Data          60  bigflt0.o(.constdata)
    tenpwrs_i                                0x080060ac   Data          64  bigflt0.o(.constdata)
    locale$$data                             0x08006124   Section       28  lc_numeric_c.o(locale$$data)
    __lcnum_c_name                           0x08006128   Data           2  lc_numeric_c.o(locale$$data)
    __lcnum_c_start                          0x08006130   Data           0  lc_numeric_c.o(locale$$data)
    __lcnum_c_point                          0x0800613c   Data           0  lc_numeric_c.o(locale$$data)
    __lcnum_c_thousands                      0x0800613e   Data           0  lc_numeric_c.o(locale$$data)
    __lcnum_c_grouping                       0x0800613f   Data           0  lc_numeric_c.o(locale$$data)
    __lcnum_c_end                            0x08006140   Data           0  lc_numeric_c.o(locale$$data)
    .data                                    0x20000000   Section       20  system_stm32f10x.o(.data)
    .data                                    0x20000014   Section       20  stm32f10x_rcc.o(.data)
    APBAHBPrescTable                         0x20000014   Data          16  stm32f10x_rcc.o(.data)
    ADCPrescTable                            0x20000024   Data           4  stm32f10x_rcc.o(.data)
    .data                                    0x20000028   Section        4  delay.o(.data)
    fac_us                                   0x20000028   Data           1  delay.o(.data)
    fac_ms                                   0x2000002a   Data           2  delay.o(.data)
    .data                                    0x2000002c   Section        6  usart.o(.data)
    .data                                    0x20000034   Section       10  key.o(.data)
    .data                                    0x2000003e   Section        4  max30102.o(.data)
    .data                                    0x20000044   Section       24  blood.o(.data)
    index                                    0x20000058   Data           4  blood.o(.data)
    .data                                    0x2000005c   Section        1  xiic.o(.data)
    .bss                                     0x20000060   Section      200  usart.o(.bss)
    .bss                                     0x20000128   Section     8508  blood.o(.bss)
    buffer                                   0x2000223c   Data          40  blood.o(.bss)
    .bss                                     0x20002264   Section       96  libspace.o(.bss)
    HEAP                                     0x200022c8   Section      512  startup_stm32f10x_md.o(HEAP)
    Heap_Mem                                 0x200022c8   Data         512  startup_stm32f10x_md.o(HEAP)
    STACK                                    0x200024c8   Section     1024  startup_stm32f10x_md.o(STACK)
    Stack_Mem                                0x200024c8   Data        1024  startup_stm32f10x_md.o(STACK)
    __initial_sp                             0x200028c8   Data           0  startup_stm32f10x_md.o(STACK)

    Global Symbols

    Symbol Name                              Value     Ov Type        Size  Object(Section)

    BuildAttributes$$THM_ISAv4$P$D$K$B$S$PE$A:L22UL41UL21$X:L11$S22US41US21$IEEE1$IW$USESV6$~STKCKD$USESV7$~SHL$OTIME$ROPI$IEEEJ$EBA8$UX$STANDARDLIB$REQ8$PRES8$EABIv2 0x00000000   Number         0  anon$$obj.o ABSOLUTE
    __ARM_use_no_argv                        0x00000000   Number         0  main.o ABSOLUTE
    _printf_flags                            0x00000000   Number         0  printf_stubs.o ABSOLUTE
    _printf_return_value                     0x00000000   Number         0  printf_stubs.o ABSOLUTE
    _printf_sizespec                         0x00000000   Number         0  printf_stubs.o ABSOLUTE
    _printf_widthprec                        0x00000000   Number         0  printf_stubs.o ABSOLUTE
    __ARM_exceptions_init                     - Undefined Weak Reference
    __alloca_initialize                       - Undefined Weak Reference
    __arm_fini_                               - Undefined Weak Reference
    __arm_preinit_                            - Undefined Weak Reference
    __cpp_initialize__aeabi_                  - Undefined Weak Reference
    __cxa_finalize                            - Undefined Weak Reference
    __sigvec_lookup                           - Undefined Weak Reference
    _atexit_init                              - Undefined Weak Reference
    _call_atexit_fns                          - Undefined Weak Reference
    _clock_init                               - Undefined Weak Reference
    _fp_trap_init                             - Undefined Weak Reference
    _fp_trap_shutdown                         - Undefined Weak Reference
    _get_lc_collate                           - Undefined Weak Reference
    _get_lc_ctype                             - Undefined Weak Reference
    _get_lc_monetary                          - Undefined Weak Reference
    _get_lc_time                              - Undefined Weak Reference
    _getenv_init                              - Undefined Weak Reference
    _handle_redirection                       - Undefined Weak Reference
    _init_alloc                               - Undefined Weak Reference
    _init_user_alloc                          - Undefined Weak Reference
    _initio                                   - Undefined Weak Reference
    _mutex_acquire                            - Undefined Weak Reference
    _mutex_release                            - Undefined Weak Reference
    _printf_post_padding                      - Undefined Weak Reference
    _printf_pre_padding                       - Undefined Weak Reference
    _printf_truncate_signed                   - Undefined Weak Reference
    _printf_truncate_unsigned                 - Undefined Weak Reference
    _rand_init                                - Undefined Weak Reference
    _signal_finish                            - Undefined Weak Reference
    _signal_init                              - Undefined Weak Reference
    _terminate_alloc                          - Undefined Weak Reference
    _terminate_user_alloc                     - Undefined Weak Reference
    _terminateio                              - Undefined Weak Reference
    __Vectors_Size                           0x000000ec   Number         0  startup_stm32f10x_md.o ABSOLUTE
    __Vectors                                0x08000000   Data           4  startup_stm32f10x_md.o(RESET)
    __Vectors_End                            0x080000ec   Data           0  startup_stm32f10x_md.o(RESET)
    __main                                   0x080000ed   Thumb Code     8  __main.o(!!!main)
    __scatterload                            0x080000f5   Thumb Code     0  __scatter.o(!!!scatter)
    __scatterload_rt2                        0x080000f5   Thumb Code    44  __scatter.o(!!!scatter)
    __scatterload_rt2_thumb_only             0x080000f5   Thumb Code     0  __scatter.o(!!!scatter)
    __scatterload_null                       0x08000103   Thumb Code     0  __scatter.o(!!!scatter)
    __scatterload_copy                       0x08000129   Thumb Code    26  __scatter_copy.o(!!handler_copy)
    __scatterload_zeroinit                   0x08000145   Thumb Code    28  __scatter_zi.o(!!handler_zi)
    _printf_f                                0x08000161   Thumb Code     0  _printf_f.o(.ARM.Collect$$_printf_percent$$00000003)
    _printf_percent                          0x08000161   Thumb Code     0  _printf_percent.o(.ARM.Collect$$_printf_percent$$00000000)
    _printf_d                                0x08000167   Thumb Code     0  _printf_d.o(.ARM.Collect$$_printf_percent$$00000009)
    _printf_percent_end                      0x0800016d   Thumb Code     0  _printf_percent_end.o(.ARM.Collect$$_printf_percent$$00000017)
    __rt_lib_init                            0x08000171   Thumb Code     0  libinit.o(.ARM.Collect$$libinit$$00000000)
    __rt_lib_init_fp_1                       0x08000173   Thumb Code     0  libinit2.o(.ARM.Collect$$libinit$$00000002)
    __rt_lib_init_heap_1                     0x08000173   Thumb Code     0  libinit2.o(.ARM.Collect$$libinit$$0000000A)
    __rt_lib_init_lc_common                  0x08000173   Thumb Code     0  libinit2.o(.ARM.Collect$$libinit$$0000000F)
    __rt_lib_init_preinit_1                  0x08000173   Thumb Code     0  libinit2.o(.ARM.Collect$$libinit$$00000004)
    __rt_lib_init_rand_1                     0x08000173   Thumb Code     0  libinit2.o(.ARM.Collect$$libinit$$0000000E)
    __rt_lib_init_user_alloc_1               0x08000173   Thumb Code     0  libinit2.o(.ARM.Collect$$libinit$$0000000C)
    __rt_lib_init_lc_collate_1               0x08000179   Thumb Code     0  libinit2.o(.ARM.Collect$$libinit$$00000011)
    __rt_lib_init_lc_ctype_1                 0x08000179   Thumb Code     0  libinit2.o(.ARM.Collect$$libinit$$00000013)
    __rt_lib_init_lc_monetary_1              0x08000179   Thumb Code     0  libinit2.o(.ARM.Collect$$libinit$$00000015)
    __rt_lib_init_lc_numeric_2               0x08000179   Thumb Code     0  libinit2.o(.ARM.Collect$$libinit$$00000016)
    __rt_lib_init_alloca_1                   0x08000183   Thumb Code     0  libinit2.o(.ARM.Collect$$libinit$$0000002E)
    __rt_lib_init_argv_1                     0x08000183   Thumb Code     0  libinit2.o(.ARM.Collect$$libinit$$0000002C)
    __rt_lib_init_atexit_1                   0x08000183   Thumb Code     0  libinit2.o(.ARM.Collect$$libinit$$0000001B)
    __rt_lib_init_clock_1                    0x08000183   Thumb Code     0  libinit2.o(.ARM.Collect$$libinit$$00000021)
    __rt_lib_init_cpp_1                      0x08000183   Thumb Code     0  libinit2.o(.ARM.Collect$$libinit$$00000032)
    __rt_lib_init_exceptions_1               0x08000183   Thumb Code     0  libinit2.o(.ARM.Collect$$libinit$$00000030)
    __rt_lib_init_fp_trap_1                  0x08000183   Thumb Code     0  libinit2.o(.ARM.Collect$$libinit$$0000001F)
    __rt_lib_init_getenv_1                   0x08000183   Thumb Code     0  libinit2.o(.ARM.Collect$$libinit$$00000023)
    __rt_lib_init_lc_numeric_1               0x08000183   Thumb Code     0  libinit2.o(.ARM.Collect$$libinit$$00000017)
    __rt_lib_init_lc_time_1                  0x08000183   Thumb Code     0  libinit2.o(.ARM.Collect$$libinit$$00000019)
    __rt_lib_init_return                     0x08000183   Thumb Code     0  libinit2.o(.ARM.Collect$$libinit$$00000033)
    __rt_lib_init_signal_1                   0x08000183   Thumb Code     0  libinit2.o(.ARM.Collect$$libinit$$0000001D)
    __rt_lib_init_stdio_1                    0x08000183   Thumb Code     0  libinit2.o(.ARM.Collect$$libinit$$00000025)
    __rt_lib_shutdown                        0x08000185   Thumb Code     0  libshutdown.o(.ARM.Collect$$libshutdown$$00000000)
    __rt_lib_shutdown_cpp_1                  0x08000187   Thumb Code     0  libshutdown2.o(.ARM.Collect$$libshutdown$$00000004)
    __rt_lib_shutdown_fini_1                 0x08000187   Thumb Code     0  libshutdown2.o(.ARM.Collect$$libshutdown$$00000002)
    __rt_lib_shutdown_fp_trap_1              0x08000187   Thumb Code     0  libshutdown2.o(.ARM.Collect$$libshutdown$$00000009)
    __rt_lib_shutdown_heap_1                 0x08000187   Thumb Code     0  libshutdown2.o(.ARM.Collect$$libshutdown$$00000011)
    __rt_lib_shutdown_return                 0x08000187   Thumb Code     0  libshutdown2.o(.ARM.Collect$$libshutdown$$00000012)
    __rt_lib_shutdown_signal_1               0x08000187   Thumb Code     0  libshutdown2.o(.ARM.Collect$$libshutdown$$0000000C)
    __rt_lib_shutdown_stdio_1                0x08000187   Thumb Code     0  libshutdown2.o(.ARM.Collect$$libshutdown$$00000006)
    __rt_lib_shutdown_user_alloc_1           0x08000187   Thumb Code     0  libshutdown2.o(.ARM.Collect$$libshutdown$$0000000E)
    __rt_entry                               0x08000189   Thumb Code     0  __rtentry.o(.ARM.Collect$$rtentry$$00000000)
    __rt_entry_presh_1                       0x08000189   Thumb Code     0  __rtentry2.o(.ARM.Collect$$rtentry$$00000002)
    __rt_entry_sh                            0x08000189   Thumb Code     0  __rtentry4.o(.ARM.Collect$$rtentry$$00000004)
    __rt_entry_li                            0x0800018f   Thumb Code     0  __rtentry2.o(.ARM.Collect$$rtentry$$0000000A)
    __rt_entry_postsh_1                      0x0800018f   Thumb Code     0  __rtentry2.o(.ARM.Collect$$rtentry$$00000009)
    __rt_entry_main                          0x08000193   Thumb Code     0  __rtentry2.o(.ARM.Collect$$rtentry$$0000000D)
    __rt_entry_postli_1                      0x08000193   Thumb Code     0  __rtentry2.o(.ARM.Collect$$rtentry$$0000000C)
    __rt_exit                                0x0800019b   Thumb Code     0  rtexit.o(.ARM.Collect$$rtexit$$00000000)
    __rt_exit_ls                             0x0800019d   Thumb Code     0  rtexit2.o(.ARM.Collect$$rtexit$$00000003)
    __rt_exit_prels_1                        0x0800019d   Thumb Code     0  rtexit2.o(.ARM.Collect$$rtexit$$00000002)
    __rt_exit_exit                           0x080001a1   Thumb Code     0  rtexit2.o(.ARM.Collect$$rtexit$$00000004)
    Reset_Handler                            0x080001a9   Thumb Code     8  startup_stm32f10x_md.o(.text)
    ADC1_2_IRQHandler                        0x080001c3   Thumb Code     0  startup_stm32f10x_md.o(.text)
    CAN1_RX1_IRQHandler                      0x080001c3   Thumb Code     0  startup_stm32f10x_md.o(.text)
    CAN1_SCE_IRQHandler                      0x080001c3   Thumb Code     0  startup_stm32f10x_md.o(.text)
    DMA1_Channel1_IRQHandler                 0x080001c3   Thumb Code     0  startup_stm32f10x_md.o(.text)
    DMA1_Channel2_IRQHandler                 0x080001c3   Thumb Code     0  startup_stm32f10x_md.o(.text)
    DMA1_Channel3_IRQHandler                 0x080001c3   Thumb Code     0  startup_stm32f10x_md.o(.text)
    DMA1_Channel4_IRQHandler                 0x080001c3   Thumb Code     0  startup_stm32f10x_md.o(.text)
    DMA1_Channel5_IRQHandler                 0x080001c3   Thumb Code     0  startup_stm32f10x_md.o(.text)
    DMA1_Channel6_IRQHandler                 0x080001c3   Thumb Code     0  startup_stm32f10x_md.o(.text)
    DMA1_Channel7_IRQHandler                 0x080001c3   Thumb Code     0  startup_stm32f10x_md.o(.text)
    EXTI0_IRQHandler                         0x080001c3   Thumb Code     0  startup_stm32f10x_md.o(.text)
    EXTI1_IRQHandler                         0x080001c3   Thumb Code     0  startup_stm32f10x_md.o(.text)
    EXTI2_IRQHandler                         0x080001c3   Thumb Code     0  startup_stm32f10x_md.o(.text)
    EXTI3_IRQHandler                         0x080001c3   Thumb Code     0  startup_stm32f10x_md.o(.text)
    EXTI4_IRQHandler                         0x080001c3   Thumb Code     0  startup_stm32f10x_md.o(.text)
    EXTI9_5_IRQHandler                       0x080001c3   Thumb Code     0  startup_stm32f10x_md.o(.text)
    FLASH_IRQHandler                         0x080001c3   Thumb Code     0  startup_stm32f10x_md.o(.text)
    I2C1_ER_IRQHandler                       0x080001c3   Thumb Code     0  startup_stm32f10x_md.o(.text)
    I2C1_EV_IRQHandler                       0x080001c3   Thumb Code     0  startup_stm32f10x_md.o(.text)
    I2C2_ER_IRQHandler                       0x080001c3   Thumb Code     0  startup_stm32f10x_md.o(.text)
    I2C2_EV_IRQHandler                       0x080001c3   Thumb Code     0  startup_stm32f10x_md.o(.text)
    PVD_IRQHandler                           0x080001c3   Thumb Code     0  startup_stm32f10x_md.o(.text)
    RCC_IRQHandler                           0x080001c3   Thumb Code     0  startup_stm32f10x_md.o(.text)
    RTCAlarm_IRQHandler                      0x080001c3   Thumb Code     0  startup_stm32f10x_md.o(.text)
    RTC_IRQHandler                           0x080001c3   Thumb Code     0  startup_stm32f10x_md.o(.text)
    SPI1_IRQHandler                          0x080001c3   Thumb Code     0  startup_stm32f10x_md.o(.text)
    SPI2_IRQHandler                          0x080001c3   Thumb Code     0  startup_stm32f10x_md.o(.text)
    TAMPER_IRQHandler                        0x080001c3   Thumb Code     0  startup_stm32f10x_md.o(.text)
    TIM1_BRK_IRQHandler                      0x080001c3   Thumb Code     0  startup_stm32f10x_md.o(.text)
    TIM1_CC_IRQHandler                       0x080001c3   Thumb Code     0  startup_stm32f10x_md.o(.text)
    TIM1_TRG_COM_IRQHandler                  0x080001c3   Thumb Code     0  startup_stm32f10x_md.o(.text)
    TIM1_UP_IRQHandler                       0x080001c3   Thumb Code     0  startup_stm32f10x_md.o(.text)
    TIM2_IRQHandler                          0x080001c3   Thumb Code     0  startup_stm32f10x_md.o(.text)
    TIM3_IRQHandler                          0x080001c3   Thumb Code     0  startup_stm32f10x_md.o(.text)
    TIM4_IRQHandler                          0x080001c3   Thumb Code     0  startup_stm32f10x_md.o(.text)
    USART2_IRQHandler                        0x080001c3   Thumb Code     0  startup_stm32f10x_md.o(.text)
    USART3_IRQHandler                        0x080001c3   Thumb Code     0  startup_stm32f10x_md.o(.text)
    USBWakeUp_IRQHandler                     0x080001c3   Thumb Code     0  startup_stm32f10x_md.o(.text)
    USB_HP_CAN1_TX_IRQHandler                0x080001c3   Thumb Code     0  startup_stm32f10x_md.o(.text)
    USB_LP_CAN1_RX0_IRQHandler               0x080001c3   Thumb Code     0  startup_stm32f10x_md.o(.text)
    WWDG_IRQHandler                          0x080001c3   Thumb Code     0  startup_stm32f10x_md.o(.text)
    __user_initial_stackheap                 0x080001c5   Thumb Code     0  startup_stm32f10x_md.o(.text)
    __use_no_semihosting                     0x080001e9   Thumb Code     2  use_no_semi_2.o(.text)
    __2printf                                0x080001ed   Thumb Code    20  noretval__2printf.o(.text)
    __2sprintf                               0x08000205   Thumb Code    34  noretval__2sprintf.o(.text)
    _printf_int_dec                          0x0800022d   Thumb Code   104  _printf_dec.o(.text)
    __printf                                 0x080002a5   Thumb Code   270  __printf_wp.o(.text)
    strlen                                   0x080003b3   Thumb Code    62  strlen.o(.text)
    __aeabi_memcpy4                          0x080003f1   Thumb Code     0  rt_memcpy_w.o(.text)
    __aeabi_memcpy8                          0x080003f1   Thumb Code     0  rt_memcpy_w.o(.text)
    __rt_memcpy_w                            0x080003f1   Thumb Code   100  rt_memcpy_w.o(.text)
    _memcpy_lastbytes_aligned                0x08000439   Thumb Code     0  rt_memcpy_w.o(.text)
    __aeabi_memclr4                          0x08000455   Thumb Code     0  rt_memclr_w.o(.text)
    __aeabi_memclr8                          0x08000455   Thumb Code     0  rt_memclr_w.o(.text)
    __rt_memclr_w                            0x08000455   Thumb Code    78  rt_memclr_w.o(.text)
    _memset_w                                0x08000459   Thumb Code     0  rt_memclr_w.o(.text)
    __use_two_region_memory                  0x080004a3   Thumb Code     2  heapauxi.o(.text)
    __rt_heap_escrow$2region                 0x080004a5   Thumb Code     2  heapauxi.o(.text)
    __rt_heap_expand$2region                 0x080004a7   Thumb Code     2  heapauxi.o(.text)
    __I$use$semihosting                      0x080004a9   Thumb Code     0  use_no_semi.o(.text)
    __use_no_semihosting_swi                 0x080004a9   Thumb Code     2  use_no_semi.o(.text)
    __read_errno                             0x080004ab   Thumb Code    10  _rserrno.o(.text)
    __set_errno                              0x080004b5   Thumb Code    12  _rserrno.o(.text)
    _printf_int_common                       0x080004c1   Thumb Code   178  _printf_intcommon.o(.text)
    __lib_sel_fp_printf                      0x08000573   Thumb Code     2  _printf_fp_dec.o(.text)
    _printf_fp_dec_real                      0x08000725   Thumb Code   620  _printf_fp_dec.o(.text)
    _printf_char_common                      0x0800099b   Thumb Code    32  _printf_char_common.o(.text)
    _sputc                                   0x080009c1   Thumb Code    10  _sputc.o(.text)
    _printf_char_file                        0x080009cd   Thumb Code    32  _printf_char_file.o(.text)
    __rt_locale                              0x080009f1   Thumb Code     8  rt_locale_intlibspace.o(.text)
    __aeabi_errno_addr                       0x080009f9   Thumb Code     8  rt_errno_addr_intlibspace.o(.text)
    __errno$intlibspace                      0x080009f9   Thumb Code     0  rt_errno_addr_intlibspace.o(.text)
    __rt_errno_addr$intlibspace              0x080009f9   Thumb Code     0  rt_errno_addr_intlibspace.o(.text)
    _ll_udiv10                               0x08000a01   Thumb Code   138  lludiv10.o(.text)
    _printf_fp_infnan                        0x08000a8d   Thumb Code   112  _printf_fp_infnan.o(.text)
    _btod_etento                             0x08000b0d   Thumb Code   224  bigflt0.o(.text)
    ferror                                   0x08000bf1   Thumb Code     8  ferror.o(.text)
    __user_libspace                          0x08000bf9   Thumb Code     8  libspace.o(.text)
    __user_perproc_libspace                  0x08000bf9   Thumb Code     0  libspace.o(.text)
    __user_perthread_libspace                0x08000bf9   Thumb Code     0  libspace.o(.text)
    __user_setup_stackheap                   0x08000c01   Thumb Code    74  sys_stackheap_outer.o(.text)
    exit                                     0x08000c4b   Thumb Code    18  exit.o(.text)
    strcmp                                   0x08000c5d   Thumb Code   128  strcmpv7m.o(.text)
    _btod_d2e                                0x08000cdd   Thumb Code    62  btod.o(CL$$btod_d2e)
    _d2e_denorm_low                          0x08000d1b   Thumb Code    70  btod.o(CL$$btod_d2e_denorm_low)
    _d2e_norm_op1                            0x08000d61   Thumb Code    96  btod.o(CL$$btod_d2e_norm_op1)
    __btod_div_common                        0x08000dc1   Thumb Code   696  btod.o(CL$$btod_div_common)
    _e2e                                     0x080010f9   Thumb Code   220  btod.o(CL$$btod_e2e)
    _btod_ediv                               0x080011d5   Thumb Code    42  btod.o(CL$$btod_ediv)
    _btod_emul                               0x080011ff   Thumb Code    42  btod.o(CL$$btod_emul)
    __btod_mult_common                       0x08001229   Thumb Code   580  btod.o(CL$$btod_mult_common)
    BusFault_Handler                         0x0800146d   Thumb Code     4  stm32f10x_it.o(i.BusFault_Handler)
    Buzzer                                   0x08001471   Thumb Code    38  key.o(i.Buzzer)
    CountSensor_Init                         0x0800149d   Thumb Code   120  countsensor.o(i.CountSensor_Init)
    DebugMon_Handler                         0x08001519   Thumb Code     2  stm32f10x_it.o(i.DebugMon_Handler)
    Delay                                    0x0800151b   Thumb Code    12  oled.o(i.Delay)
    EE                                       0x08001527   Thumb Code    76  algorithm.o(i.EE)
    EXTI15_10_IRQHandler                     0x08001575   Thumb Code    50  key.o(i.EXTI15_10_IRQHandler)
    EXTI_ClearITPendingBit                   0x080015ad   Thumb Code     6  stm32f10x_exti.o(i.EXTI_ClearITPendingBit)
    EXTI_GetITStatus                         0x080015b9   Thumb Code    34  stm32f10x_exti.o(i.EXTI_GetITStatus)
    EXTI_Init                                0x080015e1   Thumb Code   142  stm32f10x_exti.o(i.EXTI_Init)
    FFT                                      0x08001675   Thumb Code   386  algorithm.o(i.FFT)
    GPIO_EXTILineConfig                      0x08001801   Thumb Code    60  stm32f10x_gpio.o(i.GPIO_EXTILineConfig)
    GPIO_Init                                0x08001841   Thumb Code   278  stm32f10x_gpio.o(i.GPIO_Init)
    GPIO_PinRemapConfig                      0x08001959   Thumb Code   138  stm32f10x_gpio.o(i.GPIO_PinRemapConfig)
    GPIO_ReadInputDataBit                    0x080019e9   Thumb Code    18  stm32f10x_gpio.o(i.GPIO_ReadInputDataBit)
    GPIO_ResetBits                           0x080019fb   Thumb Code     4  stm32f10x_gpio.o(i.GPIO_ResetBits)
    GPIO_SetBits                             0x080019ff   Thumb Code     4  stm32f10x_gpio.o(i.GPIO_SetBits)
    HardFault_Handler                        0x08001a03   Thumb Code     4  stm32f10x_it.o(i.HardFault_Handler)
    I2C_Ack                                  0x08001a09   Thumb Code    96  xiic.o(i.I2C_Ack)
    IIC_Delay                                0x08001a6d   Thumb Code    16  xiic.o(i.IIC_Delay)
    IIC_GPIO_INIT                            0x08001a7d   Thumb Code    54  xiic.o(i.IIC_GPIO_INIT)
    IIC_Read_Array                           0x08001ab9   Thumb Code   128  xiic.o(i.IIC_Read_Array)
    IIC_Read_Byte                            0x08001b3d   Thumb Code    90  xiic.o(i.IIC_Read_Byte)
    IIC_Receive_Byte                         0x08001b9d   Thumb Code    64  xiic.o(i.IIC_Receive_Byte)
    IIC_Send_Byte                            0x08001be1   Thumb Code   142  xiic.o(i.IIC_Send_Byte)
    IIC_Start                                0x08001c79   Thumb Code    52  xiic.o(i.IIC_Start)
    IIC_Stop                                 0x08001cb1   Thumb Code    40  xiic.o(i.IIC_Stop)
    IIC_Write_Byte                           0x08001cdd   Thumb Code    74  xiic.o(i.IIC_Write_Byte)
    Key_Init                                 0x08001d2d   Thumb Code    40  key.o(i.Key_Init)
    Key_Num2                                 0x08001d59   Thumb Code    92  key.o(i.Key_Num2)
    MAX30102_Config                          0x08001dc1   Thumb Code   114  max30102.o(i.MAX30102_Config)
    MAX30102_GPIO                            0x08001e35   Thumb Code    34  max30102.o(i.MAX30102_GPIO)
    Max30102_reset                           0x08001e5d   Thumb Code    22  max30102.o(i.Max30102_reset)
    MemManage_Handler                        0x08001e73   Thumb Code     4  stm32f10x_it.o(i.MemManage_Handler)
    MoShiEr                                  0x08001e79   Thumb Code    54  oled.o(i.MoShiEr)
    NMI_Handler                              0x08001eb5   Thumb Code     2  stm32f10x_it.o(i.NMI_Handler)
    NVIC_Init                                0x08001eb9   Thumb Code   100  misc.o(i.NVIC_Init)
    NVIC_PriorityGroupConfig                 0x08001f29   Thumb Code    10  misc.o(i.NVIC_PriorityGroupConfig)
    OLED_Clear                               0x08001f3d   Thumb Code    62  oled.o(i.OLED_Clear)
    OLED_Float                               0x08001f7d   Thumb Code   442  oled.o(i.OLED_Float)
    OLED_IIC_Start                           0x0800213d   Thumb Code    36  oled.o(i.OLED_IIC_Start)
    OLED_IIC_Stop                            0x08002165   Thumb Code    28  oled.o(i.OLED_IIC_Stop)
    OLED_IIC_Wait_Ack                        0x08002185   Thumb Code    20  oled.o(i.OLED_IIC_Wait_Ack)
    OLED_Init                                0x0800219d   Thumb Code   278  oled.o(i.OLED_Init)
    OLED_Set_Pos                             0x080022bd   Thumb Code    40  oled.o(i.OLED_Set_Pos)
    OLED_ShowCHinese16x16                    0x080022e5   Thumb Code    86  oled.o(i.OLED_ShowCHinese16x16)
    OLED_ShowChar                            0x0800233d   Thumb Code   154  oled.o(i.OLED_ShowChar)
    OLED_ShowNumber                          0x080023e1   Thumb Code   136  oled.o(i.OLED_ShowNumber)
    OLED_ShowString                          0x08002469   Thumb Code    54  oled.o(i.OLED_ShowString)
    OLED_WR_Byte                             0x0800249f   Thumb Code    24  oled.o(i.OLED_WR_Byte)
    OLED_Write_IIC_Byte                      0x080024b9   Thumb Code    80  oled.o(i.OLED_Write_IIC_Byte)
    OLED_Write_IIC_Command                   0x0800250d   Thumb Code    44  oled.o(i.OLED_Write_IIC_Command)
    OLED_Write_IIC_Data                      0x08002539   Thumb Code    44  oled.o(i.OLED_Write_IIC_Data)
    PEC_Calculation                          0x08002565   Thumb Code   186  mlx90614.o(i.PEC_Calculation)
    PendSV_Handler                           0x0800261f   Thumb Code     2  stm32f10x_it.o(i.PendSV_Handler)
    RCC_APB2PeriphClockCmd                   0x08002621   Thumb Code    26  stm32f10x_rcc.o(i.RCC_APB2PeriphClockCmd)
    RCC_GetClocksFreq                        0x08002641   Thumb Code   192  stm32f10x_rcc.o(i.RCC_GetClocksFreq)
    SMBus_Delay                              0x08002715   Thumb Code    26  mlx90614.o(i.SMBus_Delay)
    SMBus_Init                               0x08002731   Thumb Code    50  mlx90614.o(i.SMBus_Init)
    SMBus_ReadMemory                         0x08002769   Thumb Code   166  mlx90614.o(i.SMBus_ReadMemory)
    SMBus_ReadTemp                           0x08002811   Thumb Code    54  mlx90614.o(i.SMBus_ReadTemp)
    SMBus_ReceiveBit                         0x08002855   Thumb Code    62  mlx90614.o(i.SMBus_ReceiveBit)
    SMBus_ReceiveByte                        0x08002899   Thumb Code    50  mlx90614.o(i.SMBus_ReceiveByte)
    SMBus_SendBit                            0x080028cd   Thumb Code    56  mlx90614.o(i.SMBus_SendBit)
    SMBus_SendByte                           0x08002909   Thumb Code    48  mlx90614.o(i.SMBus_SendByte)
    SMBus_StartBit                           0x08002939   Thumb Code    56  mlx90614.o(i.SMBus_StartBit)
    SMBus_StopBit                            0x08002975   Thumb Code    50  mlx90614.o(i.SMBus_StopBit)
    SVC_Handler                              0x080029ad   Thumb Code     2  stm32f10x_it.o(i.SVC_Handler)
    Safe                                     0x080029b1   Thumb Code    42  oled.o(i.Safe)
    SysTick_CLKSourceConfig                  0x08002ac9   Thumb Code    40  misc.o(i.SysTick_CLKSourceConfig)
    SysTick_Handler                          0x08002af1   Thumb Code     2  stm32f10x_it.o(i.SysTick_Handler)
    SystemInit                               0x08002af5   Thumb Code    78  system_stm32f10x.o(i.SystemInit)
    USART1_IRQHandler                        0x08002b55   Thumb Code   122  usart.o(i.USART1_IRQHandler)
    USART_Cmd                                0x08002bdd   Thumb Code    24  stm32f10x_usart.o(i.USART_Cmd)
    USART_GetFlagStatus                      0x08002bf5   Thumb Code    26  stm32f10x_usart.o(i.USART_GetFlagStatus)
    USART_GetITStatus                        0x08002c0f   Thumb Code    84  stm32f10x_usart.o(i.USART_GetITStatus)
    USART_ITConfig                           0x08002c63   Thumb Code    74  stm32f10x_usart.o(i.USART_ITConfig)
    USART_Init                               0x08002cad   Thumb Code   210  stm32f10x_usart.o(i.USART_Init)
    USART_ReceiveData                        0x08002d85   Thumb Code    10  stm32f10x_usart.o(i.USART_ReceiveData)
    USART_SendData                           0x08002d8f   Thumb Code     8  stm32f10x_usart.o(i.USART_SendData)
    USART_SendString                         0x08002d97   Thumb Code    40  blood.o(i.USART_SendString)
    UsageFault_Handler                       0x08002dbf   Thumb Code     4  stm32f10x_it.o(i.UsageFault_Handler)
    Warning                                  0x08002dc5   Thumb Code    42  oled.o(i.Warning)
    XCos                                     0x08002df5   Thumb Code    30  algorithm.o(i.XCos)
    XSin                                     0x08002e1d   Thumb Code   488  algorithm.o(i.XSin)
    __ARM_fpclassify                         0x0800302d   Thumb Code    40  fpclassify.o(i.__ARM_fpclassify)
    _is_digit                                0x08003055   Thumb Code    14  __printf_wp.o(i._is_digit)
    _sys_exit                                0x08003063   Thumb Code     4  usart.o(i._sys_exit)
    blood_Loop                               0x08003069   Thumb Code   106  blood.o(i.blood_Loop)
    blood_data_translate                     0x080030e9   Thumb Code  1716  blood.o(i.blood_data_translate)
    blood_data_update                        0x08003835   Thumb Code   174  blood.o(i.blood_data_update)
    delay_init                               0x080038fd   Thumb Code    50  delay.o(i.delay_init)
    delay_ms                                 0x08003941   Thumb Code    72  delay.o(i.delay_ms)
    display                                  0x0800398d   Thumb Code   164  oled.o(i.display)
    find_max_num_index                       0x08003a35   Thumb Code    50  algorithm.o(i.find_max_num_index)
    fputc                                    0x08003a69   Thumb Code    24  usart.o(i.fputc)
    main                                     0x08003a85   Thumb Code   358  main.o(i.main)
    max30102_read_fifo                       0x08003c1d   Thumb Code   196  max30102.o(i.max30102_read_fifo)
    my_floor                                 0x08003ce9   Thumb Code    76  algorithm.o(i.my_floor)
    my_fmod                                  0x08003d35   Thumb Code   152  algorithm.o(i.my_fmod)
    noise_filter                             0x08003dcd   Thumb Code    70  blood.o(i.noise_filter)
    oled_pow                                 0x08003e21   Thumb Code    22  oled.o(i.oled_pow)
    sqrtf                                    0x08003e37   Thumb Code    44  sqrtf.o(i.sqrtf)
    uart_init                                0x08003e65   Thumb Code   152  usart.o(i.uart_init)
    _get_lc_numeric                          0x08003f05   Thumb Code    44  lc_numeric_c.o(locale$$code)
    __aeabi_d2f                              0x08003f31   Thumb Code     0  d2f.o(x$fpl$d2f)
    _d2f                                     0x08003f31   Thumb Code    98  d2f.o(x$fpl$d2f)
    __aeabi_dadd                             0x08003f95   Thumb Code     0  daddsub_clz.o(x$fpl$dadd)
    _dadd                                    0x08003f95   Thumb Code   332  daddsub_clz.o(x$fpl$dadd)
    __fpl_dcmp_Inf                           0x080040e5   Thumb Code    24  dcmpi.o(x$fpl$dcmpinf)
    __aeabi_ddiv                             0x080040fd   Thumb Code     0  ddiv.o(x$fpl$ddiv)
    _ddiv                                    0x080040fd   Thumb Code   552  ddiv.o(x$fpl$ddiv)
    __aeabi_cdcmpeq                          0x080043ad   Thumb Code     0  deqf.o(x$fpl$deqf)
    _dcmpeq                                  0x080043ad   Thumb Code   120  deqf.o(x$fpl$deqf)
    __aeabi_d2iz                             0x08004425   Thumb Code     0  dfix.o(x$fpl$dfix)
    _dfix                                    0x08004425   Thumb Code    94  dfix.o(x$fpl$dfix)
    __aeabi_d2uiz                            0x08004485   Thumb Code     0  dfixu.o(x$fpl$dfixu)
    _dfixu                                   0x08004485   Thumb Code    90  dfixu.o(x$fpl$dfixu)
    __aeabi_i2d                              0x080044df   Thumb Code     0  dflt_clz.o(x$fpl$dflt)
    _dflt                                    0x080044df   Thumb Code    46  dflt_clz.o(x$fpl$dflt)
    __aeabi_ui2d                             0x0800450d   Thumb Code     0  dflt_clz.o(x$fpl$dfltu)
    _dfltu                                   0x0800450d   Thumb Code    38  dflt_clz.o(x$fpl$dfltu)
    __aeabi_cdcmple                          0x08004535   Thumb Code     0  dleqf.o(x$fpl$dleqf)
    _dcmple                                  0x08004535   Thumb Code   120  dleqf.o(x$fpl$dleqf)
    __fpl_dcmple_InfNaN                      0x08004597   Thumb Code     0  dleqf.o(x$fpl$dleqf)
    __aeabi_dmul                             0x080045ad   Thumb Code     0  dmul.o(x$fpl$dmul)
    _dmul                                    0x080045ad   Thumb Code   332  dmul.o(x$fpl$dmul)
    __fpl_dnaninf                            0x08004701   Thumb Code   156  dnaninf.o(x$fpl$dnaninf)
    __fpl_dretinf                            0x0800479d   Thumb Code    12  dretinf.o(x$fpl$dretinf)
    __aeabi_cdrcmple                         0x080047a9   Thumb Code     0  drleqf.o(x$fpl$drleqf)
    _drcmple                                 0x080047a9   Thumb Code   108  drleqf.o(x$fpl$drleqf)
    __aeabi_drsub                            0x08004815   Thumb Code     0  daddsub_clz.o(x$fpl$drsb)
    _drsb                                    0x08004815   Thumb Code    22  daddsub_clz.o(x$fpl$drsb)
    __aeabi_dsub                             0x0800482d   Thumb Code     0  daddsub_clz.o(x$fpl$dsub)
    _dsub                                    0x0800482d   Thumb Code   464  daddsub_clz.o(x$fpl$dsub)
    __aeabi_f2d                              0x08004a01   Thumb Code     0  f2d.o(x$fpl$f2d)
    _f2d                                     0x08004a01   Thumb Code    86  f2d.o(x$fpl$f2d)
    __aeabi_fadd                             0x08004a59   Thumb Code     0  faddsub_clz.o(x$fpl$fadd)
    _fadd                                    0x08004a59   Thumb Code   196  faddsub_clz.o(x$fpl$fadd)
    __fpl_fcmp_Inf                           0x08004b1d   Thumb Code    24  fcmpi.o(x$fpl$fcmpinf)
    __aeabi_fdiv                             0x08004b35   Thumb Code     0  fdiv.o(x$fpl$fdiv)
    _fdiv                                    0x08004b35   Thumb Code   384  fdiv.o(x$fpl$fdiv)
    __aeabi_cfcmpeq                          0x08004cb9   Thumb Code     0  feqf.o(x$fpl$feqf)
    _fcmpeq                                  0x08004cb9   Thumb Code   104  feqf.o(x$fpl$feqf)
    __aeabi_f2iz                             0x08004d21   Thumb Code     0  ffix.o(x$fpl$ffix)
    _ffix                                    0x08004d21   Thumb Code    54  ffix.o(x$fpl$ffix)
    __aeabi_f2uiz                            0x08004d59   Thumb Code     0  ffixu.o(x$fpl$ffixu)
    _ffixu                                   0x08004d59   Thumb Code    62  ffixu.o(x$fpl$ffixu)
    __aeabi_i2f                              0x08004d99   Thumb Code     0  fflt_clz.o(x$fpl$fflt)
    _fflt                                    0x08004d99   Thumb Code    48  fflt_clz.o(x$fpl$fflt)
    __aeabi_ui2f                             0x08004dc9   Thumb Code     0  fflt_clz.o(x$fpl$ffltu)
    _ffltu                                   0x08004dc9   Thumb Code    38  fflt_clz.o(x$fpl$ffltu)
    __aeabi_cfcmple                          0x08004df1   Thumb Code     0  fleqf.o(x$fpl$fleqf)
    _fcmple                                  0x08004df1   Thumb Code   104  fleqf.o(x$fpl$fleqf)
    __fpl_fcmple_InfNaN                      0x08004e43   Thumb Code     0  fleqf.o(x$fpl$fleqf)
    __aeabi_fmul                             0x08004e59   Thumb Code     0  fmul.o(x$fpl$fmul)
    _fmul                                    0x08004e59   Thumb Code   258  fmul.o(x$fpl$fmul)
    __fpl_fnaninf                            0x08004f5b   Thumb Code   140  fnaninf.o(x$fpl$fnaninf)
    __fpl_fretinf                            0x08004fe7   Thumb Code    10  fretinf.o(x$fpl$fretinf)
    _fsqrt                                   0x08004ff1   Thumb Code   272  fsqrt.o(x$fpl$fsqrt)
    __aeabi_fsub                             0x08005101   Thumb Code     0  faddsub_clz.o(x$fpl$fsub)
    _fsub                                    0x08005101   Thumb Code   234  faddsub_clz.o(x$fpl$fsub)
    _printf_fp_dec                           0x080051eb   Thumb Code     4  printf1.o(x$fpl$printf1)
    __I$use$fp                               0x080051ee   Number         0  usenofp.o(x$fpl$usenofp)
    F6x8                                     0x080051f0   Data         552  oled.o(.constdata)
    F8X16                                    0x08005418   Data        1520  oled.o(.constdata)
    Region$$Table$$Base                      0x08006104   Number         0  anon$$obj.o(Region$$Table)
    Region$$Table$$Limit                     0x08006124   Number         0  anon$$obj.o(Region$$Table)
    SystemCoreClock                          0x20000000   Data           4  system_stm32f10x.o(.data)
    AHBPrescTable                            0x20000004   Data          16  system_stm32f10x.o(.data)
    __stdout                                 0x2000002c   Data           4  usart.o(.data)
    USART_RX_STA                             0x20000030   Data           2  usart.o(.data)
    number1                                  0x20000034   Data           4  key.o(.data)
    KeyNum1                                  0x20000038   Data           4  key.o(.data)
    KeyNum2                                  0x2000003c   Data           1  key.o(.data)
    sign                                     0x2000003d   Data           1  key.o(.data)
    fifo_red                                 0x2000003e   Data           2  max30102.o(.data)
    fifo_ir                                  0x20000040   Data           2  max30102.o(.data)
    g_fft_index                              0x20000044   Data           2  blood.o(.data)
    g_BloodWave                              0x20000048   Data           8  blood.o(.data)
    g_blooddata                              0x20000050   Data           8  blood.o(.data)
    ack                                      0x2000005c   Data           1  xiic.o(.data)
    USART_RX_BUF                             0x20000060   Data         200  usart.o(.bss)
    s1                                       0x20000128   Data        4224  blood.o(.bss)
    s2                                       0x200011a8   Data        4224  blood.o(.bss)
    heartValue                               0x20002228   Data          20  blood.o(.bss)
    __libspace_start                         0x20002264   Data          96  libspace.o(.bss)
    __temporary_stack_top$libspace           0x200022c4   Data           0  libspace.o(.bss)



==============================================================================

Memory Map of the image

  Image Entry point : 0x080000ed

  Load Region LR_IROM1 (Base: 0x08000000, Size: 0x000061a0, Max: 0x00010000, ABSOLUTE)

    Execution Region ER_IROM1 (Exec base: 0x08000000, Load base: 0x08000000, Size: 0x00006140, Max: 0x00010000, ABSOLUTE)

    Exec Addr    Load Addr    Size         Type   Attr      Idx    E Section Name        Object

    0x08000000   0x08000000   0x000000ec   Data   RO           19    RESET               startup_stm32f10x_md.o
    0x080000ec   0x080000ec   0x00000008   Code   RO         4010  * !!!main             c_w.l(__main.o)
    0x080000f4   0x080000f4   0x00000034   Code   RO         4325    !!!scatter          c_w.l(__scatter.o)
    0x08000128   0x08000128   0x0000001a   Code   RO         4327    !!handler_copy      c_w.l(__scatter_copy.o)
    0x08000142   0x08000142   0x00000002   PAD
    0x08000144   0x08000144   0x0000001c   Code   RO         4329    !!handler_zi        c_w.l(__scatter_zi.o)
    0x08000160   0x08000160   0x00000000   Code   RO         4001    .ARM.Collect$$_printf_percent$$00000000  c_w.l(_printf_percent.o)
    0x08000160   0x08000160   0x00000006   Code   RO         4000    .ARM.Collect$$_printf_percent$$00000003  c_w.l(_printf_f.o)
    0x08000166   0x08000166   0x00000006   Code   RO         3999    .ARM.Collect$$_printf_percent$$00000009  c_w.l(_printf_d.o)
    0x0800016c   0x0800016c   0x00000004   Code   RO         4103    .ARM.Collect$$_printf_percent$$00000017  c_w.l(_printf_percent_end.o)
    0x08000170   0x08000170   0x00000002   Code   RO         4200    .ARM.Collect$$libinit$$00000000  c_w.l(libinit.o)
    0x08000172   0x08000172   0x00000000   Code   RO         4202    .ARM.Collect$$libinit$$00000002  c_w.l(libinit2.o)
    0x08000172   0x08000172   0x00000000   Code   RO         4204    .ARM.Collect$$libinit$$00000004  c_w.l(libinit2.o)
    0x08000172   0x08000172   0x00000000   Code   RO         4207    .ARM.Collect$$libinit$$0000000A  c_w.l(libinit2.o)
    0x08000172   0x08000172   0x00000000   Code   RO         4209    .ARM.Collect$$libinit$$0000000C  c_w.l(libinit2.o)
    0x08000172   0x08000172   0x00000000   Code   RO         4211    .ARM.Collect$$libinit$$0000000E  c_w.l(libinit2.o)
    0x08000172   0x08000172   0x00000006   Code   RO         4212    .ARM.Collect$$libinit$$0000000F  c_w.l(libinit2.o)
    0x08000178   0x08000178   0x00000000   Code   RO         4214    .ARM.Collect$$libinit$$00000011  c_w.l(libinit2.o)
    0x08000178   0x08000178   0x00000000   Code   RO         4216    .ARM.Collect$$libinit$$00000013  c_w.l(libinit2.o)
    0x08000178   0x08000178   0x00000000   Code   RO         4218    .ARM.Collect$$libinit$$00000015  c_w.l(libinit2.o)
    0x08000178   0x08000178   0x0000000a   Code   RO         4219    .ARM.Collect$$libinit$$00000016  c_w.l(libinit2.o)
    0x08000182   0x08000182   0x00000000   Code   RO         4220    .ARM.Collect$$libinit$$00000017  c_w.l(libinit2.o)
    0x08000182   0x08000182   0x00000000   Code   RO         4222    .ARM.Collect$$libinit$$00000019  c_w.l(libinit2.o)
    0x08000182   0x08000182   0x00000000   Code   RO         4224    .ARM.Collect$$libinit$$0000001B  c_w.l(libinit2.o)
    0x08000182   0x08000182   0x00000000   Code   RO         4226    .ARM.Collect$$libinit$$0000001D  c_w.l(libinit2.o)
    0x08000182   0x08000182   0x00000000   Code   RO         4228    .ARM.Collect$$libinit$$0000001F  c_w.l(libinit2.o)
    0x08000182   0x08000182   0x00000000   Code   RO         4230    .ARM.Collect$$libinit$$00000021  c_w.l(libinit2.o)
    0x08000182   0x08000182   0x00000000   Code   RO         4232    .ARM.Collect$$libinit$$00000023  c_w.l(libinit2.o)
    0x08000182   0x08000182   0x00000000   Code   RO         4234    .ARM.Collect$$libinit$$00000025  c_w.l(libinit2.o)
    0x08000182   0x08000182   0x00000000   Code   RO         4238    .ARM.Collect$$libinit$$0000002C  c_w.l(libinit2.o)
    0x08000182   0x08000182   0x00000000   Code   RO         4240    .ARM.Collect$$libinit$$0000002E  c_w.l(libinit2.o)
    0x08000182   0x08000182   0x00000000   Code   RO         4242    .ARM.Collect$$libinit$$00000030  c_w.l(libinit2.o)
    0x08000182   0x08000182   0x00000000   Code   RO         4244    .ARM.Collect$$libinit$$00000032  c_w.l(libinit2.o)
    0x08000182   0x08000182   0x00000002   Code   RO         4245    .ARM.Collect$$libinit$$00000033  c_w.l(libinit2.o)
    0x08000184   0x08000184   0x00000002   Code   RO         4273    .ARM.Collect$$libshutdown$$00000000  c_w.l(libshutdown.o)
    0x08000186   0x08000186   0x00000000   Code   RO         4282    .ARM.Collect$$libshutdown$$00000002  c_w.l(libshutdown2.o)
    0x08000186   0x08000186   0x00000000   Code   RO         4284    .ARM.Collect$$libshutdown$$00000004  c_w.l(libshutdown2.o)
    0x08000186   0x08000186   0x00000000   Code   RO         4286    .ARM.Collect$$libshutdown$$00000006  c_w.l(libshutdown2.o)
    0x08000186   0x08000186   0x00000000   Code   RO         4289    .ARM.Collect$$libshutdown$$00000009  c_w.l(libshutdown2.o)
    0x08000186   0x08000186   0x00000000   Code   RO         4292    .ARM.Collect$$libshutdown$$0000000C  c_w.l(libshutdown2.o)
    0x08000186   0x08000186   0x00000000   Code   RO         4294    .ARM.Collect$$libshutdown$$0000000E  c_w.l(libshutdown2.o)
    0x08000186   0x08000186   0x00000000   Code   RO         4297    .ARM.Collect$$libshutdown$$00000011  c_w.l(libshutdown2.o)
    0x08000186   0x08000186   0x00000002   Code   RO         4298    .ARM.Collect$$libshutdown$$00000012  c_w.l(libshutdown2.o)
    0x08000188   0x08000188   0x00000000   Code   RO         4090    .ARM.Collect$$rtentry$$00000000  c_w.l(__rtentry.o)
    0x08000188   0x08000188   0x00000000   Code   RO         4120    .ARM.Collect$$rtentry$$00000002  c_w.l(__rtentry2.o)
    0x08000188   0x08000188   0x00000006   Code   RO         4132    .ARM.Collect$$rtentry$$00000004  c_w.l(__rtentry4.o)
    0x0800018e   0x0800018e   0x00000000   Code   RO         4122    .ARM.Collect$$rtentry$$00000009  c_w.l(__rtentry2.o)
    0x0800018e   0x0800018e   0x00000004   Code   RO         4123    .ARM.Collect$$rtentry$$0000000A  c_w.l(__rtentry2.o)
    0x08000192   0x08000192   0x00000000   Code   RO         4125    .ARM.Collect$$rtentry$$0000000C  c_w.l(__rtentry2.o)
    0x08000192   0x08000192   0x00000008   Code   RO         4126    .ARM.Collect$$rtentry$$0000000D  c_w.l(__rtentry2.o)
    0x0800019a   0x0800019a   0x00000002   Code   RO         4246    .ARM.Collect$$rtexit$$00000000  c_w.l(rtexit.o)
    0x0800019c   0x0800019c   0x00000000   Code   RO         4253    .ARM.Collect$$rtexit$$00000002  c_w.l(rtexit2.o)
    0x0800019c   0x0800019c   0x00000004   Code   RO         4254    .ARM.Collect$$rtexit$$00000003  c_w.l(rtexit2.o)
    0x080001a0   0x080001a0   0x00000006   Code   RO         4255    .ARM.Collect$$rtexit$$00000004  c_w.l(rtexit2.o)
    0x080001a6   0x080001a6   0x00000002   PAD
    0x080001a8   0x080001a8   0x00000040   Code   RO           20    .text               startup_stm32f10x_md.o
    0x080001e8   0x080001e8   0x00000002   Code   RO         3965    .text               c_w.l(use_no_semi_2.o)
    0x080001ea   0x080001ea   0x00000002   PAD
    0x080001ec   0x080001ec   0x00000018   Code   RO         3971    .text               c_w.l(noretval__2printf.o)
    0x08000204   0x08000204   0x00000028   Code   RO         3973    .text               c_w.l(noretval__2sprintf.o)
    0x0800022c   0x0800022c   0x00000078   Code   RO         3977    .text               c_w.l(_printf_dec.o)
    0x080002a4   0x080002a4   0x0000010e   Code   RO         3987    .text               c_w.l(__printf_wp.o)
    0x080003b2   0x080003b2   0x0000003e   Code   RO         4002    .text               c_w.l(strlen.o)
    0x080003f0   0x080003f0   0x00000064   Code   RO         4004    .text               c_w.l(rt_memcpy_w.o)
    0x08000454   0x08000454   0x0000004e   Code   RO         4006    .text               c_w.l(rt_memclr_w.o)
    0x080004a2   0x080004a2   0x00000006   Code   RO         4008    .text               c_w.l(heapauxi.o)
    0x080004a8   0x080004a8   0x00000002   Code   RO         4088    .text               c_w.l(use_no_semi.o)
    0x080004aa   0x080004aa   0x00000016   Code   RO         4091    .text               c_w.l(_rserrno.o)
    0x080004c0   0x080004c0   0x000000b2   Code   RO         4093    .text               c_w.l(_printf_intcommon.o)
    0x08000572   0x08000572   0x0000041e   Code   RO         4095    .text               c_w.l(_printf_fp_dec.o)
    0x08000990   0x08000990   0x00000030   Code   RO         4097    .text               c_w.l(_printf_char_common.o)
    0x080009c0   0x080009c0   0x0000000a   Code   RO         4099    .text               c_w.l(_sputc.o)
    0x080009ca   0x080009ca   0x00000002   PAD
    0x080009cc   0x080009cc   0x00000024   Code   RO         4101    .text               c_w.l(_printf_char_file.o)
    0x080009f0   0x080009f0   0x00000008   Code   RO         4137    .text               c_w.l(rt_locale_intlibspace.o)
    0x080009f8   0x080009f8   0x00000008   Code   RO         4142    .text               c_w.l(rt_errno_addr_intlibspace.o)
    0x08000a00   0x08000a00   0x0000008a   Code   RO         4144    .text               c_w.l(lludiv10.o)
    0x08000a8a   0x08000a8a   0x00000002   PAD
    0x08000a8c   0x08000a8c   0x00000080   Code   RO         4146    .text               c_w.l(_printf_fp_infnan.o)
    0x08000b0c   0x08000b0c   0x000000e4   Code   RO         4150    .text               c_w.l(bigflt0.o)
    0x08000bf0   0x08000bf0   0x00000008   Code   RO         4175    .text               c_w.l(ferror.o)
    0x08000bf8   0x08000bf8   0x00000008   Code   RO         4186    .text               c_w.l(libspace.o)
    0x08000c00   0x08000c00   0x0000004a   Code   RO         4189    .text               c_w.l(sys_stackheap_outer.o)
    0x08000c4a   0x08000c4a   0x00000012   Code   RO         4191    .text               c_w.l(exit.o)
    0x08000c5c   0x08000c5c   0x00000080   Code   RO         4193    .text               c_w.l(strcmpv7m.o)
    0x08000cdc   0x08000cdc   0x0000003e   Code   RO         4153    CL$$btod_d2e        c_w.l(btod.o)
    0x08000d1a   0x08000d1a   0x00000046   Code   RO         4155    CL$$btod_d2e_denorm_low  c_w.l(btod.o)
    0x08000d60   0x08000d60   0x00000060   Code   RO         4154    CL$$btod_d2e_norm_op1  c_w.l(btod.o)
    0x08000dc0   0x08000dc0   0x00000338   Code   RO         4163    CL$$btod_div_common  c_w.l(btod.o)
    0x080010f8   0x080010f8   0x000000dc   Code   RO         4160    CL$$btod_e2e        c_w.l(btod.o)
    0x080011d4   0x080011d4   0x0000002a   Code   RO         4157    CL$$btod_ediv       c_w.l(btod.o)
    0x080011fe   0x080011fe   0x0000002a   Code   RO         4156    CL$$btod_emul       c_w.l(btod.o)
    0x08001228   0x08001228   0x00000244   Code   RO         4162    CL$$btod_mult_common  c_w.l(btod.o)
    0x0800146c   0x0800146c   0x00000004   Code   RO          172    i.BusFault_Handler  stm32f10x_it.o
    0x08001470   0x08001470   0x0000002c   Code   RO         3658    i.Buzzer            key.o
    0x0800149c   0x0800149c   0x0000007c   Code   RO         3700    i.CountSensor_Init  countsensor.o
    0x08001518   0x08001518   0x00000002   Code   RO          173    i.DebugMon_Handler  stm32f10x_it.o
    0x0800151a   0x0800151a   0x0000000c   Code   RO         3429    i.Delay             oled.o
    0x08001526   0x08001526   0x0000004c   Code   RO         3724    i.EE                algorithm.o
    0x08001572   0x08001572   0x00000002   PAD
    0x08001574   0x08001574   0x00000038   Code   RO         3659    i.EXTI15_10_IRQHandler  key.o
    0x080015ac   0x080015ac   0x0000000c   Code   RO         1093    i.EXTI_ClearITPendingBit  stm32f10x_exti.o
    0x080015b8   0x080015b8   0x00000028   Code   RO         1097    i.EXTI_GetITStatus  stm32f10x_exti.o
    0x080015e0   0x080015e0   0x00000094   Code   RO         1098    i.EXTI_Init         stm32f10x_exti.o
    0x08001674   0x08001674   0x0000018c   Code   RO         3725    i.FFT               algorithm.o
    0x08001800   0x08001800   0x00000040   Code   RO         1443    i.GPIO_EXTILineConfig  stm32f10x_gpio.o
    0x08001840   0x08001840   0x00000116   Code   RO         1446    i.GPIO_Init         stm32f10x_gpio.o
    0x08001956   0x08001956   0x00000002   PAD
    0x08001958   0x08001958   0x00000090   Code   RO         1448    i.GPIO_PinRemapConfig  stm32f10x_gpio.o
    0x080019e8   0x080019e8   0x00000012   Code   RO         1450    i.GPIO_ReadInputDataBit  stm32f10x_gpio.o
    0x080019fa   0x080019fa   0x00000004   Code   RO         1453    i.GPIO_ResetBits    stm32f10x_gpio.o
    0x080019fe   0x080019fe   0x00000004   Code   RO         1454    i.GPIO_SetBits      stm32f10x_gpio.o
    0x08001a02   0x08001a02   0x00000004   Code   RO          174    i.HardFault_Handler  stm32f10x_it.o
    0x08001a06   0x08001a06   0x00000002   PAD
    0x08001a08   0x08001a08   0x00000064   Code   RO         3881    i.I2C_Ack           xiic.o
    0x08001a6c   0x08001a6c   0x00000010   Code   RO         3882    i.IIC_Delay         xiic.o
    0x08001a7c   0x08001a7c   0x0000003c   Code   RO         3883    i.IIC_GPIO_INIT     xiic.o
    0x08001ab8   0x08001ab8   0x00000084   Code   RO         3884    i.IIC_Read_Array    xiic.o
    0x08001b3c   0x08001b3c   0x00000060   Code   RO         3885    i.IIC_Read_Byte     xiic.o
    0x08001b9c   0x08001b9c   0x00000044   Code   RO         3886    i.IIC_Receive_Byte  xiic.o
    0x08001be0   0x08001be0   0x00000098   Code   RO         3887    i.IIC_Send_Byte     xiic.o
    0x08001c78   0x08001c78   0x00000038   Code   RO         3888    i.IIC_Start         xiic.o
    0x08001cb0   0x08001cb0   0x0000002c   Code   RO         3889    i.IIC_Stop          xiic.o
    0x08001cdc   0x08001cdc   0x00000050   Code   RO         3891    i.IIC_Write_Byte    xiic.o
    0x08001d2c   0x08001d2c   0x0000002c   Code   RO         3660    i.Key_Init          key.o
    0x08001d58   0x08001d58   0x00000068   Code   RO         3662    i.Key_Num2          key.o
    0x08001dc0   0x08001dc0   0x00000072   Code   RO         3795    i.MAX30102_Config   max30102.o
    0x08001e32   0x08001e32   0x00000002   PAD
    0x08001e34   0x08001e34   0x00000028   Code   RO         3796    i.MAX30102_GPIO     max30102.o
    0x08001e5c   0x08001e5c   0x00000016   Code   RO         3797    i.Max30102_reset    max30102.o
    0x08001e72   0x08001e72   0x00000004   Code   RO          175    i.MemManage_Handler  stm32f10x_it.o
    0x08001e76   0x08001e76   0x00000002   PAD
    0x08001e78   0x08001e78   0x0000003c   Code   RO         3432    i.MoShiEr           oled.o
    0x08001eb4   0x08001eb4   0x00000002   Code   RO          176    i.NMI_Handler       stm32f10x_it.o
    0x08001eb6   0x08001eb6   0x00000002   PAD
    0x08001eb8   0x08001eb8   0x00000070   Code   RO          295    i.NVIC_Init         misc.o
    0x08001f28   0x08001f28   0x00000014   Code   RO          296    i.NVIC_PriorityGroupConfig  misc.o
    0x08001f3c   0x08001f3c   0x0000003e   Code   RO         3434    i.OLED_Clear        oled.o
    0x08001f7a   0x08001f7a   0x00000002   PAD
    0x08001f7c   0x08001f7c   0x000001c0   Code   RO         3438    i.OLED_Float        oled.o
    0x0800213c   0x0800213c   0x00000028   Code   RO         3440    i.OLED_IIC_Start    oled.o
    0x08002164   0x08002164   0x00000020   Code   RO         3441    i.OLED_IIC_Stop     oled.o
    0x08002184   0x08002184   0x00000018   Code   RO         3442    i.OLED_IIC_Wait_Ack  oled.o
    0x0800219c   0x0800219c   0x00000120   Code   RO         3443    i.OLED_Init         oled.o
    0x080022bc   0x080022bc   0x00000028   Code   RO         3450    i.OLED_Set_Pos      oled.o
    0x080022e4   0x080022e4   0x00000056   Code   RO         3451    i.OLED_ShowCHinese16x16  oled.o
    0x0800233a   0x0800233a   0x00000002   PAD
    0x0800233c   0x0800233c   0x000000a4   Code   RO         3452    i.OLED_ShowChar     oled.o
    0x080023e0   0x080023e0   0x00000088   Code   RO         3453    i.OLED_ShowNumber   oled.o
    0x08002468   0x08002468   0x00000036   Code   RO         3454    i.OLED_ShowString   oled.o
    0x0800249e   0x0800249e   0x00000018   Code   RO         3455    i.OLED_WR_Byte      oled.o
    0x080024b6   0x080024b6   0x00000002   PAD
    0x080024b8   0x080024b8   0x00000054   Code   RO         3456    i.OLED_Write_IIC_Byte  oled.o
    0x0800250c   0x0800250c   0x0000002c   Code   RO         3457    i.OLED_Write_IIC_Command  oled.o
    0x08002538   0x08002538   0x0000002c   Code   RO         3458    i.OLED_Write_IIC_Data  oled.o
    0x08002564   0x08002564   0x000000ba   Code   RO         3357    i.PEC_Calculation   mlx90614.o
    0x0800261e   0x0800261e   0x00000002   Code   RO          177    i.PendSV_Handler    stm32f10x_it.o
    0x08002620   0x08002620   0x00000020   Code   RO         1864    i.RCC_APB2PeriphClockCmd  stm32f10x_rcc.o
    0x08002640   0x08002640   0x000000d4   Code   RO         1872    i.RCC_GetClocksFreq  stm32f10x_rcc.o
    0x08002714   0x08002714   0x0000001a   Code   RO         3358    i.SMBus_Delay       mlx90614.o
    0x0800272e   0x0800272e   0x00000002   PAD
    0x08002730   0x08002730   0x00000038   Code   RO         3359    i.SMBus_Init        mlx90614.o
    0x08002768   0x08002768   0x000000a6   Code   RO         3360    i.SMBus_ReadMemory  mlx90614.o
    0x0800280e   0x0800280e   0x00000002   PAD
    0x08002810   0x08002810   0x00000044   Code   RO         3361    i.SMBus_ReadTemp    mlx90614.o
    0x08002854   0x08002854   0x00000044   Code   RO         3362    i.SMBus_ReceiveBit  mlx90614.o
    0x08002898   0x08002898   0x00000032   Code   RO         3363    i.SMBus_ReceiveByte  mlx90614.o
    0x080028ca   0x080028ca   0x00000002   PAD
    0x080028cc   0x080028cc   0x0000003c   Code   RO         3364    i.SMBus_SendBit     mlx90614.o
    0x08002908   0x08002908   0x00000030   Code   RO         3365    i.SMBus_SendByte    mlx90614.o
    0x08002938   0x08002938   0x0000003c   Code   RO         3366    i.SMBus_StartBit    mlx90614.o
    0x08002974   0x08002974   0x00000038   Code   RO         3367    i.SMBus_StopBit     mlx90614.o
    0x080029ac   0x080029ac   0x00000002   Code   RO          178    i.SVC_Handler       stm32f10x_it.o
    0x080029ae   0x080029ae   0x00000002   PAD
    0x080029b0   0x080029b0   0x00000030   Code   RO         3460    i.Safe              oled.o
    0x080029e0   0x080029e0   0x00000008   Code   RO          261    i.SetSysClock       system_stm32f10x.o
    0x080029e8   0x080029e8   0x000000e0   Code   RO          262    i.SetSysClockTo72   system_stm32f10x.o
    0x08002ac8   0x08002ac8   0x00000028   Code   RO          299    i.SysTick_CLKSourceConfig  misc.o
    0x08002af0   0x08002af0   0x00000002   Code   RO          179    i.SysTick_Handler   stm32f10x_it.o
    0x08002af2   0x08002af2   0x00000002   PAD
    0x08002af4   0x08002af4   0x00000060   Code   RO          264    i.SystemInit        system_stm32f10x.o
    0x08002b54   0x08002b54   0x00000088   Code   RO         3316    i.USART1_IRQHandler  usart.o
    0x08002bdc   0x08002bdc   0x00000018   Code   RO         3032    i.USART_Cmd         stm32f10x_usart.o
    0x08002bf4   0x08002bf4   0x0000001a   Code   RO         3035    i.USART_GetFlagStatus  stm32f10x_usart.o
    0x08002c0e   0x08002c0e   0x00000054   Code   RO         3036    i.USART_GetITStatus  stm32f10x_usart.o
    0x08002c62   0x08002c62   0x0000004a   Code   RO         3038    i.USART_ITConfig    stm32f10x_usart.o
    0x08002cac   0x08002cac   0x000000d8   Code   RO         3039    i.USART_Init        stm32f10x_usart.o
    0x08002d84   0x08002d84   0x0000000a   Code   RO         3046    i.USART_ReceiveData  stm32f10x_usart.o
    0x08002d8e   0x08002d8e   0x00000008   Code   RO         3049    i.USART_SendData    stm32f10x_usart.o
    0x08002d96   0x08002d96   0x00000028   Code   RO         3831    i.USART_SendString  blood.o
    0x08002dbe   0x08002dbe   0x00000004   Code   RO          180    i.UsageFault_Handler  stm32f10x_it.o
    0x08002dc2   0x08002dc2   0x00000002   PAD
    0x08002dc4   0x08002dc4   0x00000030   Code   RO         3461    i.Warning           oled.o
    0x08002df4   0x08002df4   0x00000028   Code   RO         3726    i.XCos              algorithm.o
    0x08002e1c   0x08002e1c   0x00000210   Code   RO         3727    i.XSin              algorithm.o
    0x0800302c   0x0800302c   0x00000028   Code   RO         4184    i.__ARM_fpclassify  m_ws.l(fpclassify.o)
    0x08003054   0x08003054   0x0000000e   Code   RO         3989    i._is_digit         c_w.l(__printf_wp.o)
    0x08003062   0x08003062   0x00000004   Code   RO         3317    i._sys_exit         usart.o
    0x08003066   0x08003066   0x00000002   PAD
    0x08003068   0x08003068   0x00000080   Code   RO         3832    i.blood_Loop        blood.o
    0x080030e8   0x080030e8   0x0000074c   Code   RO         3833    i.blood_data_translate  blood.o
    0x08003834   0x08003834   0x000000c8   Code   RO         3834    i.blood_data_update  blood.o
    0x080038fc   0x080038fc   0x00000044   Code   RO         3262    i.delay_init        delay.o
    0x08003940   0x08003940   0x0000004c   Code   RO         3263    i.delay_ms          delay.o
    0x0800398c   0x0800398c   0x000000a8   Code   RO         3462    i.display           oled.o
    0x08003a34   0x08003a34   0x00000032   Code   RO         3730    i.find_max_num_index  algorithm.o
    0x08003a66   0x08003a66   0x00000002   PAD
    0x08003a68   0x08003a68   0x0000001c   Code   RO         3318    i.fputc             usart.o
    0x08003a84   0x08003a84   0x00000198   Code   RO           24    i.main              main.o
    0x08003c1c   0x08003c1c   0x000000cc   Code   RO         3798    i.max30102_read_fifo  max30102.o
    0x08003ce8   0x08003ce8   0x0000004c   Code   RO         3731    i.my_floor          algorithm.o
    0x08003d34   0x08003d34   0x00000098   Code   RO         3732    i.my_fmod           algorithm.o
    0x08003dcc   0x08003dcc   0x00000054   Code   RO         3835    i.noise_filter      blood.o
    0x08003e20   0x08003e20   0x00000016   Code   RO         3464    i.oled_pow          oled.o
    0x08003e36   0x08003e36   0x0000002c   Code   RO         4081    i.sqrtf             m_ws.l(sqrtf.o)
    0x08003e62   0x08003e62   0x00000002   PAD
    0x08003e64   0x08003e64   0x000000a0   Code   RO         3319    i.uart_init         usart.o
    0x08003f04   0x08003f04   0x0000002c   Code   RO         4180    locale$$code        c_w.l(lc_numeric_c.o)
    0x08003f30   0x08003f30   0x00000062   Code   RO         4012    x$fpl$d2f           fz_ws.l(d2f.o)
    0x08003f92   0x08003f92   0x00000002   PAD
    0x08003f94   0x08003f94   0x00000150   Code   RO         4014    x$fpl$dadd          fz_ws.l(daddsub_clz.o)
    0x080040e4   0x080040e4   0x00000018   Code   RO         4104    x$fpl$dcmpinf       fz_ws.l(dcmpi.o)
    0x080040fc   0x080040fc   0x000002b0   Code   RO         4021    x$fpl$ddiv          fz_ws.l(ddiv.o)
    0x080043ac   0x080043ac   0x00000078   Code   RO         4024    x$fpl$deqf          fz_ws.l(deqf.o)
    0x08004424   0x08004424   0x0000005e   Code   RO         4026    x$fpl$dfix          fz_ws.l(dfix.o)
    0x08004482   0x08004482   0x00000002   PAD
    0x08004484   0x08004484   0x0000005a   Code   RO         4030    x$fpl$dfixu         fz_ws.l(dfixu.o)
    0x080044de   0x080044de   0x0000002e   Code   RO         4035    x$fpl$dflt          fz_ws.l(dflt_clz.o)
    0x0800450c   0x0800450c   0x00000026   Code   RO         4034    x$fpl$dfltu         fz_ws.l(dflt_clz.o)
    0x08004532   0x08004532   0x00000002   PAD
    0x08004534   0x08004534   0x00000078   Code   RO         4040    x$fpl$dleqf         fz_ws.l(dleqf.o)
    0x080045ac   0x080045ac   0x00000154   Code   RO         4042    x$fpl$dmul          fz_ws.l(dmul.o)
    0x08004700   0x08004700   0x0000009c   Code   RO         4106    x$fpl$dnaninf       fz_ws.l(dnaninf.o)
    0x0800479c   0x0800479c   0x0000000c   Code   RO         4108    x$fpl$dretinf       fz_ws.l(dretinf.o)
    0x080047a8   0x080047a8   0x0000006c   Code   RO         4044    x$fpl$drleqf        fz_ws.l(drleqf.o)
    0x08004814   0x08004814   0x00000016   Code   RO         4015    x$fpl$drsb          fz_ws.l(daddsub_clz.o)
    0x0800482a   0x0800482a   0x00000002   PAD
    0x0800482c   0x0800482c   0x000001d4   Code   RO         4016    x$fpl$dsub          fz_ws.l(daddsub_clz.o)
    0x08004a00   0x08004a00   0x00000056   Code   RO         4046    x$fpl$f2d           fz_ws.l(f2d.o)
    0x08004a56   0x08004a56   0x00000002   PAD
    0x08004a58   0x08004a58   0x000000c4   Code   RO         4048    x$fpl$fadd          fz_ws.l(faddsub_clz.o)
    0x08004b1c   0x08004b1c   0x00000018   Code   RO         4110    x$fpl$fcmpinf       fz_ws.l(fcmpi.o)
    0x08004b34   0x08004b34   0x00000184   Code   RO         4055    x$fpl$fdiv          fz_ws.l(fdiv.o)
    0x08004cb8   0x08004cb8   0x00000068   Code   RO         4058    x$fpl$feqf          fz_ws.l(feqf.o)
    0x08004d20   0x08004d20   0x00000036   Code   RO         4060    x$fpl$ffix          fz_ws.l(ffix.o)
    0x08004d56   0x08004d56   0x00000002   PAD
    0x08004d58   0x08004d58   0x0000003e   Code   RO         4064    x$fpl$ffixu         fz_ws.l(ffixu.o)
    0x08004d96   0x08004d96   0x00000002   PAD
    0x08004d98   0x08004d98   0x00000030   Code   RO         4069    x$fpl$fflt          fz_ws.l(fflt_clz.o)
    0x08004dc8   0x08004dc8   0x00000026   Code   RO         4068    x$fpl$ffltu         fz_ws.l(fflt_clz.o)
    0x08004dee   0x08004dee   0x00000002   PAD
    0x08004df0   0x08004df0   0x00000068   Code   RO         4074    x$fpl$fleqf         fz_ws.l(fleqf.o)
    0x08004e58   0x08004e58   0x00000102   Code   RO         4076    x$fpl$fmul          fz_ws.l(fmul.o)
    0x08004f5a   0x08004f5a   0x0000008c   Code   RO         4112    x$fpl$fnaninf       fz_ws.l(fnaninf.o)
    0x08004fe6   0x08004fe6   0x0000000a   Code   RO         4114    x$fpl$fretinf       fz_ws.l(fretinf.o)
    0x08004ff0   0x08004ff0   0x00000110   Code   RO         4116    x$fpl$fsqrt         fz_ws.l(fsqrt.o)
    0x08005100   0x08005100   0x000000ea   Code   RO         4050    x$fpl$fsub          fz_ws.l(faddsub_clz.o)
    0x080051ea   0x080051ea   0x00000004   Code   RO         4078    x$fpl$printf1       fz_ws.l(printf1.o)
    0x080051ee   0x080051ee   0x00000000   Code   RO         4118    x$fpl$usenofp       fz_ws.l(usenofp.o)
    0x080051ee   0x080051ee   0x00000002   PAD
    0x080051f0   0x080051f0   0x00000b58   Data   RO         3465    .constdata          oled.o
    0x08005d48   0x08005d48   0x00000328   Data   RO         3734    .constdata          algorithm.o
    0x08006070   0x08006070   0x00000094   Data   RO         4151    .constdata          c_w.l(bigflt0.o)
    0x08006104   0x08006104   0x00000020   Data   RO         4323    Region$$Table       anon$$obj.o
    0x08006124   0x08006124   0x0000001c   Data   RO         4179    locale$$data        c_w.l(lc_numeric_c.o)


    Execution Region RW_IRAM1 (Exec base: 0x20000000, Load base: 0x08006140, Size: 0x000028c8, Max: 0x00005000, ABSOLUTE)

    Exec Addr    Load Addr    Size         Type   Attr      Idx    E Section Name        Object

    0x20000000   0x08006140   0x00000014   Data   RW          265    .data               system_stm32f10x.o
    0x20000014   0x08006154   0x00000014   Data   RW         1892    .data               stm32f10x_rcc.o
    0x20000028   0x08006168   0x00000004   Data   RW         3265    .data               delay.o
    0x2000002c   0x0800616c   0x00000006   Data   RW         3321    .data               usart.o
    0x20000032   0x08006172   0x00000002   PAD
    0x20000034   0x08006174   0x0000000a   Data   RW         3663    .data               key.o
    0x2000003e   0x0800617e   0x00000004   Data   RW         3799    .data               max30102.o
    0x20000042   0x08006182   0x00000002   PAD
    0x20000044   0x08006184   0x00000018   Data   RW         3837    .data               blood.o
    0x2000005c   0x0800619c   0x00000001   Data   RW         3892    .data               xiic.o
    0x2000005d   0x0800619d   0x00000003   PAD
    0x20000060        -       0x000000c8   Zero   RW         3320    .bss                usart.o
    0x20000128        -       0x0000213c   Zero   RW         3836    .bss                blood.o
    0x20002264        -       0x00000060   Zero   RW         4187    .bss                c_w.l(libspace.o)
    0x200022c4   0x0800619d   0x00000004   PAD
    0x200022c8        -       0x00000200   Zero   RW           18    HEAP                startup_stm32f10x_md.o
    0x200024c8        -       0x00000400   Zero   RW           17    STACK               startup_stm32f10x_md.o


==============================================================================

Image component sizes


      Code (inc. data)   RO Data    RW Data    ZI Data      Debug   Object Name

      1318         60        808          0          0       6615   algorithm.o
      2320        314          0         24       8508       5517   blood.o
         0          0          0          0          0       4540   core_cm3.o
       124          4          0          0          0        631   countsensor.o
       144         22          0          4          0       1200   delay.o
       248         28          0         10          0       2269   key.o
       408         50          0          0          0     230079   main.o
       380         14          0          4          0       2671   max30102.o
       172         22          0          0          0       1969   misc.o
       844         40          0          0          0       7030   mlx90614.o
      1928         64       2904          0          0      13916   oled.o
        64         26        236          0       1536        800   startup_stm32f10x_md.o
       200         18          0          0          0       2020   stm32f10x_exti.o
       512         10          0          0          0       4956   stm32f10x_gpio.o
        26          0          0          0          0       3718   stm32f10x_it.o
       244         26          0         20          0       3793   stm32f10x_rcc.o
       442          6          0          0          0       5989   stm32f10x_usart.o
       328         28          0         20          0       2085   system_stm32f10x.o
       328         26          0          6        200       4344   usart.o
       804         48          0          1          0       7100   xiic.o

    ----------------------------------------------------------------------
     10868        806       3980         96      10244     311242   Object Totals
         0          0         32          0          0          0   (incl. Generated)
        34          0          0          7          0          0   (incl. Padding)

    ----------------------------------------------------------------------

      Code (inc. data)   RO Data    RW Data    ZI Data      Debug   Library Member Name

         8          0          0          0          0         68   __main.o
       284          0          0          0          0        156   __printf_wp.o
         0          0          0          0          0          0   __rtentry.o
        12          0          0          0          0          0   __rtentry2.o
         6          0          0          0          0          0   __rtentry4.o
        52          8          0          0          0          0   __scatter.o
        26          0          0          0          0          0   __scatter_copy.o
        28          0          0          0          0          0   __scatter_zi.o
        48          6          0          0          0         96   _printf_char_common.o
        36          4          0          0          0         80   _printf_char_file.o
         6          0          0          0          0          0   _printf_d.o
       120         16          0          0          0         92   _printf_dec.o
         6          0          0          0          0          0   _printf_f.o
      1054          0          0          0          0        216   _printf_fp_dec.o
       128         16          0          0          0         84   _printf_fp_infnan.o
       178          0          0          0          0         88   _printf_intcommon.o
         0          0          0          0          0          0   _printf_percent.o
         4          0          0          0          0          0   _printf_percent_end.o
        22          0          0          0          0        100   _rserrno.o
        10          0          0          0          0         68   _sputc.o
       228          4        148          0          0         96   bigflt0.o
      1936        128          0          0          0        672   btod.o
        18          0          0          0          0         80   exit.o
         8          0          0          0          0         68   ferror.o
         6          0          0          0          0        152   heapauxi.o
        44         10         28          0          0         76   lc_numeric_c.o
         2          0          0          0          0          0   libinit.o
        18          0          0          0          0          0   libinit2.o
         2          0          0          0          0          0   libshutdown.o
         2          0          0          0          0          0   libshutdown2.o
         8          4          0          0         96         68   libspace.o
       138          0          0          0          0         80   lludiv10.o
        24          4          0          0          0         84   noretval__2printf.o
        40          6          0          0          0         84   noretval__2sprintf.o
         8          4          0          0          0         68   rt_errno_addr_intlibspace.o
         8          4          0          0          0         68   rt_locale_intlibspace.o
        78          0          0          0          0         80   rt_memclr_w.o
       100          0          0          0          0         80   rt_memcpy_w.o
         2          0          0          0          0          0   rtexit.o
        10          0          0          0          0          0   rtexit2.o
       128          0          0          0          0         68   strcmpv7m.o
        62          0          0          0          0         76   strlen.o
        74          0          0          0          0         80   sys_stackheap_outer.o
         2          0          0          0          0         68   use_no_semi.o
         2          0          0          0          0         68   use_no_semi_2.o
        98          4          0          0          0         92   d2f.o
       826         16          0          0          0        348   daddsub_clz.o
        24          0          0          0          0         68   dcmpi.o
       688        140          0          0          0        208   ddiv.o
       120          4          0          0          0         92   deqf.o
        94          4          0          0          0         92   dfix.o
        90          4          0          0          0         92   dfixu.o
        84          0          0          0          0        136   dflt_clz.o
       120          4          0          0          0         92   dleqf.o
       340         12          0          0          0        104   dmul.o
       156          4          0          0          0         92   dnaninf.o
        12          0          0          0          0         68   dretinf.o
       108          0          0          0          0         80   drleqf.o
        86          4          0          0          0         84   f2d.o
       430          8          0          0          0        168   faddsub_clz.o
        24          0          0          0          0         68   fcmpi.o
       388         76          0          0          0         96   fdiv.o
       104          4          0          0          0         84   feqf.o
        54          4          0          0          0         84   ffix.o
        62          4          0          0          0         84   ffixu.o
        86          0          0          0          0        136   fflt_clz.o
       104          4          0          0          0         84   fleqf.o
       258          4          0          0          0         84   fmul.o
       140          4          0          0          0         84   fnaninf.o
        10          0          0          0          0         68   fretinf.o
       272        100          0          0          0         88   fsqrt.o
         4          0          0          0          0         68   printf1.o
         0          0          0          0          0          0   usenofp.o
        40          0          0          0          0         68   fpclassify.o
        44          0          0          0          0         80   sqrtf.o

    ----------------------------------------------------------------------
      9872        618        176          0        100       6156   Library Totals
        30          0          0          0          4          0   (incl. Padding)

    ----------------------------------------------------------------------

      Code (inc. data)   RO Data    RW Data    ZI Data      Debug   Library Name

      4976        214        176          0         96       3164   c_w.l
      4782        404          0          0          0       2844   fz_ws.l
        84          0          0          0          0        148   m_ws.l

    ----------------------------------------------------------------------
      9872        618        176          0        100       6156   Library Totals

    ----------------------------------------------------------------------

==============================================================================


      Code (inc. data)   RO Data    RW Data    ZI Data      Debug   

     20740       1424       4156         96      10344     308762   Grand Totals
     20740       1424       4156         96      10344     308762   ELF Image Totals
     20740       1424       4156         96          0          0   ROM Totals

==============================================================================

    Total RO  Size (Code + RO Data)                24896 (  24.31kB)
    Total RW  Size (RW Data + ZI Data)             10440 (  10.20kB)
    Total ROM Size (Code + RO Data + RW Data)      24992 (  24.41kB)

==============================================================================

